Component: ARM Compiler 5.05 update 1 (build 106) Tool: armlink [4d0efa]

==============================================================================

Section Cross References

    lab5.o(i.CheckKeyIOs) refers to lab5.o(i.Delay) for Delay
    lab5.o(i.CheckKeyIOs) refers to lab5.o(.bss) for Key
    lab5.o(i.Delay) refers to lab5.o(.data) for msTicks
    lab5.o(i.GetKey) refers to lab5.o(i.CheckKeyIOs) for CheckKeyIOs
    lab5.o(i.GetKey) refers to lab5.o(.data) for keyStep
    lab5.o(i.GetKey) refers to lab5.o(.bss) for Key
    lab5.o(i.LCDConfig) refers to lab5.o(i.LCD_RS) for LCD_RS
    lab5.o(i.LCDConfig) refers to lab5.o(i.LCD_RW) for LCD_RW
    lab5.o(i.LCDConfig) refers to lab5.o(i.LCD_EX) for LCD_EX
    lab5.o(i.LCDConfig) refers to lab5.o(i.LCD_DATA) for LCD_DATA
    lab5.o(i.LCDConfig) refers to lab5.o(i.LCD_COut) for LCD_COut
    lab5.o(i.LCDConfig) refers to lab5.o(i.LCD_Cursor) for LCD_Cursor
    lab5.o(i.LCDConfig) refers to lab5.o(i.LCD_Limpa) for LCD_Limpa
    lab5.o(i.LCD_COut) refers to lab5.o(i.LCD_DATA) for LCD_DATA
    lab5.o(i.LCD_COut) refers to lab5.o(i.LCD_EX) for LCD_EX
    lab5.o(i.LCD_Cursor) refers to lab5.o(i.LCD_RS) for LCD_RS
    lab5.o(i.LCD_Cursor) refers to lab5.o(i.LCD_COut) for LCD_COut
    lab5.o(i.LCD_EX) refers to lab5.o(i.Delay) for Delay
    lab5.o(i.LCD_EX) refers to lab5.o(i.LCD_E) for LCD_E
    lab5.o(i.LCD_Limpa) refers to lab5.o(i.LCD_RS) for LCD_RS
    lab5.o(i.LCD_Limpa) refers to lab5.o(i.LCD_COut) for LCD_COut
    lab5.o(i.LCD_Out) refers to strlen.o(.text) for strlen
    lab5.o(i.LCD_Out) refers to lab5.o(i.SetLoc) for SetLoc
    lab5.o(i.LCD_Out) refers to lab5.o(i.LCD_COut) for LCD_COut
    lab5.o(i.MainTask) refers to lab5.o(.data) for Valor
    lab5.o(i.SetLoc) refers to lab5.o(i.LCD_RS) for LCD_RS
    lab5.o(i.SetLoc) refers to lab5.o(i.LCD_COut) for LCD_COut
    lab5.o(i.SysTick_Handler) refers to lab5.o(i.MainTask) for MainTask
    lab5.o(i.SysTick_Handler) refers to lab5.o(.data) for msTicks
    lab5.o(i.TestButton) refers to lab5.o(i.Delay) for Delay
    lab5.o(i.main) refers to system_tm4c129.o(i.SystemCoreClockUpdate) for SystemCoreClockUpdate
    lab5.o(i.main) refers to aeabi_memset.o(.text) for __aeabi_memset
    lab5.o(i.main) refers to lab5.o(i.LCDConfig) for LCDConfig
    lab5.o(i.main) refers to lab5.o(i.LCD_Out) for LCD_Out
    lab5.o(i.main) refers to lab5.o(i.Delay) for Delay
    lab5.o(i.main) refers to lab5.o(i.LCD_Limpa) for LCD_Limpa
    lab5.o(i.main) refers to lab5.o(i.SetLoc) for SetLoc
    lab5.o(i.main) refers to lab5.o(i.GetKey) for GetKey
    lab5.o(i.main) refers to atoi.o(.text) for atoi
    lab5.o(i.main) refers to lab5.o(i.TestButton) for TestButton
    lab5.o(i.main) refers to system_tm4c129.o(.data) for SystemCoreClock
    lab5.o(i.main) refers to lab5.o(.bss) for Key
    lab5.o(i.main) refers to lab5.o(.data) for TimerDownCnt
    startup_tm4c129.o(STACK) refers (Special) to heapauxi.o(.text) for __use_two_region_memory
    startup_tm4c129.o(HEAP) refers (Special) to heapauxi.o(.text) for __use_two_region_memory
    startup_tm4c129.o(RESET) refers (Special) to heapauxi.o(.text) for __use_two_region_memory
    startup_tm4c129.o(RESET) refers to startup_tm4c129.o(STACK) for __initial_sp
    startup_tm4c129.o(RESET) refers to startup_tm4c129.o(.text) for Reset_Handler
    startup_tm4c129.o(RESET) refers to lab5.o(i.SysTick_Handler) for SysTick_Handler
    startup_tm4c129.o(.text) refers (Special) to heapauxi.o(.text) for __use_two_region_memory
    startup_tm4c129.o(.text) refers to system_tm4c129.o(i.SystemInit) for SystemInit
    startup_tm4c129.o(.text) refers to __main.o(!!!main) for __main
    startup_tm4c129.o(.text) refers to startup_tm4c129.o(HEAP) for Heap_Mem
    startup_tm4c129.o(.text) refers to startup_tm4c129.o(STACK) for Stack_Mem
    system_tm4c129.o(i.SystemCoreClockUpdate) refers to system_tm4c129.o(.data) for SystemCoreClock
    system_tm4c129.o(i.SystemInit) refers to system_tm4c129.o(.data) for SystemCoreClock
    atoi.o(.text) refers to rt_errno_addr_intlibspace.o(.text) for __aeabi_errno_addr
    atoi.o(.text) refers to strtol.o(.text) for strtol
    aeabi_memset.o(.text) refers to rt_memclr.o(.text) for _memset
    __main.o(!!!main) refers to __rtentry.o(.ARM.Collect$$rtentry$$00000000) for __rt_entry
    __rtentry.o(.ARM.Collect$$rtentry$$00000000) refers (Special) to __rtentry2.o(.ARM.Collect$$rtentry$$0000000A) for __rt_entry_li
    __rtentry.o(.ARM.Collect$$rtentry$$00000000) refers (Special) to __rtentry2.o(.ARM.Collect$$rtentry$$0000000D) for __rt_entry_main
    __rtentry.o(.ARM.Collect$$rtentry$$00000000) refers (Special) to __rtentry2.o(.ARM.Collect$$rtentry$$0000000C) for __rt_entry_postli_1
    __rtentry.o(.ARM.Collect$$rtentry$$00000000) refers (Special) to __rtentry2.o(.ARM.Collect$$rtentry$$00000009) for __rt_entry_postsh_1
    __rtentry.o(.ARM.Collect$$rtentry$$00000000) refers (Special) to __rtentry2.o(.ARM.Collect$$rtentry$$00000002) for __rt_entry_presh_1
    __rtentry.o(.ARM.Collect$$rtentry$$00000000) refers (Special) to __rtentry4.o(.ARM.Collect$$rtentry$$00000004) for __rt_entry_sh
    rt_errno_addr.o(.text) refers to rt_errno_addr.o(.bss) for __aeabi_errno_addr_data
    rt_errno_addr_intlibspace.o(.text) refers to libspace.o(.bss) for __libspace_start
    strtol.o(.text) refers to rt_ctype_table.o(.text) for __rt_ctype_table
    strtol.o(.text) refers to _strtoul.o(.text) for _strtoul
    strtol.o(.text) refers to rt_errno_addr_intlibspace.o(.text) for __aeabi_errno_addr
    rt_memclr.o(.text) refers to rt_memclr_w.o(.text) for _memset_w
    libspace.o(.text) refers to libspace.o(.bss) for __libspace_start
    __rtentry2.o(.ARM.Collect$$rtentry$$00000008) refers to boardinit2.o(.text) for _platform_post_stackheap_init
    __rtentry2.o(.ARM.Collect$$rtentry$$0000000A) refers to libinit.o(.ARM.Collect$$libinit$$00000000) for __rt_lib_init
    __rtentry2.o(.ARM.Collect$$rtentry$$0000000B) refers to boardinit3.o(.text) for _platform_post_lib_init
    __rtentry2.o(.ARM.Collect$$rtentry$$0000000D) refers to lab5.o(i.main) for main
    __rtentry2.o(.ARM.Collect$$rtentry$$0000000D) refers to exit.o(.text) for exit
    __rtentry2.o(.ARM.exidx) refers to __rtentry2.o(.ARM.Collect$$rtentry$$00000001) for .ARM.Collect$$rtentry$$00000001
    __rtentry2.o(.ARM.exidx) refers to __rtentry2.o(.ARM.Collect$$rtentry$$00000008) for .ARM.Collect$$rtentry$$00000008
    __rtentry2.o(.ARM.exidx) refers to __rtentry2.o(.ARM.Collect$$rtentry$$0000000A) for .ARM.Collect$$rtentry$$0000000A
    __rtentry2.o(.ARM.exidx) refers to __rtentry2.o(.ARM.Collect$$rtentry$$0000000B) for .ARM.Collect$$rtentry$$0000000B
    __rtentry2.o(.ARM.exidx) refers to __rtentry2.o(.ARM.Collect$$rtentry$$0000000D) for .ARM.Collect$$rtentry$$0000000D
    __rtentry4.o(.ARM.Collect$$rtentry$$00000004) refers to sys_stackheap_outer.o(.text) for __user_setup_stackheap
    __rtentry4.o(.ARM.exidx) refers to __rtentry4.o(.ARM.Collect$$rtentry$$00000004) for .ARM.Collect$$rtentry$$00000004
    rt_ctype_table.o(.text) refers to rt_locale_intlibspace.o(.text) for __rt_locale
    rt_ctype_table.o(.text) refers to lc_ctype_c.o(locale$$code) for _get_lc_ctype
    _strtoul.o(.text) refers to _chval.o(.text) for _chval
    _strtoul.o(.text) refers to rt_errno_addr_intlibspace.o(.text) for __aeabi_errno_addr
    sys_stackheap_outer.o(.text) refers to libspace.o(.text) for __user_perproc_libspace
    sys_stackheap_outer.o(.text) refers to startup_tm4c129.o(.text) for __user_initial_stackheap
    rt_locale.o(.text) refers to rt_locale.o(.bss) for __rt_locale_data
    rt_locale_intlibspace.o(.text) refers to libspace.o(.bss) for __libspace_start
    lc_ctype_c.o(locale$$data) refers (Special) to libinit2.o(.ARM.Collect$$libinit$$00000012) for __rt_lib_init_lc_ctype_2
    lc_ctype_c.o(locale$$code) refers (Special) to libinit2.o(.ARM.Collect$$libinit$$00000012) for __rt_lib_init_lc_ctype_2
    lc_ctype_c.o(locale$$code) refers to strcmpv7m.o(.text) for strcmp
    lc_ctype_c.o(locale$$code) refers to lc_ctype_c.o(locale$$data) for __lcctype_c_name
    exit.o(.text) refers to rtexit.o(.ARM.Collect$$rtexit$$00000000) for __rt_exit
    libinit.o(.ARM.Collect$$libinit$$00000000) refers (Special) to libinit2.o(.ARM.Collect$$libinit$$0000002E) for __rt_lib_init_alloca_1
    libinit.o(.ARM.Collect$$libinit$$00000000) refers (Special) to libinit2.o(.ARM.Collect$$libinit$$0000002C) for __rt_lib_init_argv_1
    libinit.o(.ARM.Collect$$libinit$$00000000) refers (Special) to libinit2.o(.ARM.Collect$$libinit$$0000001B) for __rt_lib_init_atexit_1
    libinit.o(.ARM.Collect$$libinit$$00000000) refers (Special) to libinit2.o(.ARM.Collect$$libinit$$00000021) for __rt_lib_init_clock_1
    libinit.o(.ARM.Collect$$libinit$$00000000) refers (Special) to libinit2.o(.ARM.Collect$$libinit$$00000032) for __rt_lib_init_cpp_1
    libinit.o(.ARM.Collect$$libinit$$00000000) refers (Special) to libinit2.o(.ARM.Collect$$libinit$$00000030) for __rt_lib_init_exceptions_1
    libinit.o(.ARM.Collect$$libinit$$00000000) refers (Special) to libinit2.o(.ARM.Collect$$libinit$$00000001) for __rt_lib_init_fp_1
    libinit.o(.ARM.Collect$$libinit$$00000000) refers (Special) to libinit2.o(.ARM.Collect$$libinit$$0000001F) for __rt_lib_init_fp_trap_1
    libinit.o(.ARM.Collect$$libinit$$00000000) refers (Special) to libinit2.o(.ARM.Collect$$libinit$$00000023) for __rt_lib_init_getenv_1
    libinit.o(.ARM.Collect$$libinit$$00000000) refers (Special) to libinit2.o(.ARM.Collect$$libinit$$0000000A) for __rt_lib_init_heap_1
    libinit.o(.ARM.Collect$$libinit$$00000000) refers (Special) to libinit2.o(.ARM.Collect$$libinit$$00000011) for __rt_lib_init_lc_collate_1
    libinit.o(.ARM.Collect$$libinit$$00000000) refers (Special) to libinit2.o(.ARM.Collect$$libinit$$00000013) for __rt_lib_init_lc_ctype_1
    libinit.o(.ARM.Collect$$libinit$$00000000) refers (Special) to libinit2.o(.ARM.Collect$$libinit$$00000015) for __rt_lib_init_lc_monetary_1
    libinit.o(.ARM.Collect$$libinit$$00000000) refers (Special) to libinit2.o(.ARM.Collect$$libinit$$00000017) for __rt_lib_init_lc_numeric_1
    libinit.o(.ARM.Collect$$libinit$$00000000) refers (Special) to libinit2.o(.ARM.Collect$$libinit$$00000019) for __rt_lib_init_lc_time_1
    libinit.o(.ARM.Collect$$libinit$$00000000) refers (Special) to libinit2.o(.ARM.Collect$$libinit$$00000004) for __rt_lib_init_preinit_1
    libinit.o(.ARM.Collect$$libinit$$00000000) refers (Special) to libinit2.o(.ARM.Collect$$libinit$$0000000E) for __rt_lib_init_rand_1
    libinit.o(.ARM.Collect$$libinit$$00000000) refers (Special) to libinit2.o(.ARM.Collect$$libinit$$00000033) for __rt_lib_init_return
    libinit.o(.ARM.Collect$$libinit$$00000000) refers (Special) to libinit2.o(.ARM.Collect$$libinit$$0000001D) for __rt_lib_init_signal_1
    libinit.o(.ARM.Collect$$libinit$$00000000) refers (Special) to libinit2.o(.ARM.Collect$$libinit$$00000025) for __rt_lib_init_stdio_1
    libinit.o(.ARM.Collect$$libinit$$00000000) refers (Special) to libinit2.o(.ARM.Collect$$libinit$$0000000C) for __rt_lib_init_user_alloc_1
    rtexit.o(.ARM.Collect$$rtexit$$00000000) refers (Special) to rtexit2.o(.ARM.Collect$$rtexit$$00000004) for __rt_exit_exit
    rtexit.o(.ARM.Collect$$rtexit$$00000000) refers (Special) to rtexit2.o(.ARM.Collect$$rtexit$$00000003) for __rt_exit_ls
    rtexit.o(.ARM.Collect$$rtexit$$00000000) refers (Special) to rtexit2.o(.ARM.Collect$$rtexit$$00000002) for __rt_exit_prels_1
    rtexit.o(.ARM.exidx) refers (Special) to rtexit2.o(.ARM.Collect$$rtexit$$00000004) for __rt_exit_exit
    rtexit.o(.ARM.exidx) refers (Special) to rtexit2.o(.ARM.Collect$$rtexit$$00000003) for __rt_exit_ls
    rtexit.o(.ARM.exidx) refers (Special) to rtexit2.o(.ARM.Collect$$rtexit$$00000002) for __rt_exit_prels_1
    rtexit.o(.ARM.exidx) refers to rtexit.o(.ARM.Collect$$rtexit$$00000000) for .ARM.Collect$$rtexit$$00000000
    libinit2.o(.ARM.Collect$$libinit$$00000001) refers to fpinit.o(x$fpl$fpinit) for _fp_init
    libinit2.o(.ARM.Collect$$libinit$$0000000F) refers (Weak) to rt_locale_intlibspace.o(.text) for __rt_locale
    libinit2.o(.ARM.Collect$$libinit$$00000010) refers to libinit2.o(.ARM.Collect$$libinit$$0000000F) for .ARM.Collect$$libinit$$0000000F
    libinit2.o(.ARM.Collect$$libinit$$00000012) refers to libinit2.o(.ARM.Collect$$libinit$$0000000F) for .ARM.Collect$$libinit$$0000000F
    libinit2.o(.ARM.Collect$$libinit$$00000012) refers (Weak) to lc_ctype_c.o(locale$$code) for _get_lc_ctype
    libinit2.o(.ARM.Collect$$libinit$$00000014) refers to libinit2.o(.ARM.Collect$$libinit$$0000000F) for .ARM.Collect$$libinit$$0000000F
    libinit2.o(.ARM.Collect$$libinit$$00000016) refers to libinit2.o(.ARM.Collect$$libinit$$0000000F) for .ARM.Collect$$libinit$$0000000F
    libinit2.o(.ARM.Collect$$libinit$$00000018) refers to libinit2.o(.ARM.Collect$$libinit$$0000000F) for .ARM.Collect$$libinit$$0000000F
    libinit2.o(.ARM.Collect$$libinit$$00000026) refers to argv_veneer.o(.emb_text) for __ARM_argv_veneer
    libinit2.o(.ARM.Collect$$libinit$$00000027) refers to argv_veneer.o(.emb_text) for __ARM_argv_veneer
    rtexit2.o(.ARM.Collect$$rtexit$$00000003) refers to libshutdown.o(.ARM.Collect$$libshutdown$$00000000) for __rt_lib_shutdown
    rtexit2.o(.ARM.Collect$$rtexit$$00000004) refers to sys_exit.o(.text) for _sys_exit
    rtexit2.o(.ARM.exidx) refers to rtexit2.o(.ARM.Collect$$rtexit$$00000001) for .ARM.Collect$$rtexit$$00000001
    rtexit2.o(.ARM.exidx) refers to rtexit2.o(.ARM.Collect$$rtexit$$00000003) for .ARM.Collect$$rtexit$$00000003
    rtexit2.o(.ARM.exidx) refers to rtexit2.o(.ARM.Collect$$rtexit$$00000004) for .ARM.Collect$$rtexit$$00000004
    argv_veneer.o(.emb_text) refers to no_argv.o(.text) for __ARM_get_argv
    sys_exit.o(.text) refers (Special) to use_no_semi.o(.text) for __I$use$semihosting
    sys_exit.o(.text) refers (Special) to indicate_semi.o(.text) for __semihosting_library_function
    _get_argv_nomalloc.o(.text) refers (Special) to hrguard.o(.text) for __heap_region$guard
    _get_argv_nomalloc.o(.text) refers to defsig_rtmem_outer.o(.text) for __rt_SIGRTMEM
    _get_argv_nomalloc.o(.text) refers to sys_command.o(.text) for _sys_command_string
    libshutdown.o(.ARM.Collect$$libshutdown$$00000000) refers (Special) to libshutdown2.o(.ARM.Collect$$libshutdown$$00000006) for __rt_lib_shutdown_fp_trap_1
    libshutdown.o(.ARM.Collect$$libshutdown$$00000000) refers (Special) to libshutdown2.o(.ARM.Collect$$libshutdown$$0000000E) for __rt_lib_shutdown_heap_1
    libshutdown.o(.ARM.Collect$$libshutdown$$00000000) refers (Special) to libshutdown2.o(.ARM.Collect$$libshutdown$$0000000F) for __rt_lib_shutdown_return
    libshutdown.o(.ARM.Collect$$libshutdown$$00000000) refers (Special) to libshutdown2.o(.ARM.Collect$$libshutdown$$00000009) for __rt_lib_shutdown_signal_1
    libshutdown.o(.ARM.Collect$$libshutdown$$00000000) refers (Special) to libshutdown2.o(.ARM.Collect$$libshutdown$$00000003) for __rt_lib_shutdown_stdio_1
    libshutdown.o(.ARM.Collect$$libshutdown$$00000000) refers (Special) to libshutdown2.o(.ARM.Collect$$libshutdown$$0000000B) for __rt_lib_shutdown_user_alloc_1
    sys_command.o(.text) refers (Special) to use_no_semi.o(.text) for __I$use$semihosting
    sys_command.o(.text) refers (Special) to indicate_semi.o(.text) for __semihosting_library_function
    defsig_rtmem_outer.o(.text) refers to defsig_rtmem_inner.o(.text) for __rt_SIGRTMEM_inner
    defsig_rtmem_outer.o(.text) refers to defsig_exit.o(.text) for __sig_exit
    defsig_rtmem_formal.o(.text) refers to rt_raise.o(.text) for __rt_raise
    rt_raise.o(.text) refers to __raise.o(.text) for __raise
    rt_raise.o(.text) refers to sys_exit.o(.text) for _sys_exit
    defsig_exit.o(.text) refers to sys_exit.o(.text) for _sys_exit
    defsig_rtmem_inner.o(.text) refers to defsig_general.o(.text) for __default_signal_display
    __raise.o(.text) refers to defsig.o(CL$$defsig) for __default_signal_handler
    defsig_general.o(.text) refers to sys_wrch.o(.text) for _ttywrch
    sys_wrch.o(.text) refers (Special) to use_no_semi.o(.text) for __I$use$semihosting
    sys_wrch.o(.text) refers (Special) to indicate_semi.o(.text) for __semihosting_library_function
    defsig.o(CL$$defsig) refers to defsig_rtmem_inner.o(.text) for __rt_SIGRTMEM_inner
    defsig_abrt_inner.o(.text) refers to defsig_general.o(.text) for __default_signal_display
    defsig_fpe_inner.o(.text) refers to defsig_general.o(.text) for __default_signal_display
    defsig_rtred_inner.o(.text) refers to defsig_general.o(.text) for __default_signal_display
    defsig_stak_inner.o(.text) refers to defsig_general.o(.text) for __default_signal_display
    defsig_pvfn_inner.o(.text) refers to defsig_general.o(.text) for __default_signal_display
    defsig_cppl_inner.o(.text) refers to defsig_general.o(.text) for __default_signal_display
    defsig_segv_inner.o(.text) refers to defsig_general.o(.text) for __default_signal_display
    defsig_other.o(.text) refers to defsig_general.o(.text) for __default_signal_display


==============================================================================

Removing Unused input sections from the image.

    Removing lab5.o(.rev16_text), (4 bytes).
    Removing lab5.o(.revsh_text), (4 bytes).
    Removing lab5.o(.rrx_text), (6 bytes).
    Removing system_tm4c129.o(.rev16_text), (4 bytes).
    Removing system_tm4c129.o(.revsh_text), (4 bytes).
    Removing system_tm4c129.o(.rrx_text), (6 bytes).

6 unused section(s) (total 28 bytes) removed from the image.

==============================================================================

Image Symbol Table

    Local Symbols

    Symbol Name                              Value     Ov Type        Size  Object(Section)

    RESET                                    0x00000000   Section      512  startup_tm4c129.o(RESET)
    ../clib/angel/boardlib.s                 0x00000000   Number         0  boardshut.o ABSOLUTE
    ../clib/angel/boardlib.s                 0x00000000   Number         0  boardinit3.o ABSOLUTE
    ../clib/angel/boardlib.s                 0x00000000   Number         0  boardinit2.o ABSOLUTE
    ../clib/angel/boardlib.s                 0x00000000   Number         0  boardinit1.o ABSOLUTE
    ../clib/angel/handlers.s                 0x00000000   Number         0  __scatter_zi.o ABSOLUTE
    ../clib/angel/handlers.s                 0x00000000   Number         0  __scatter_copy.o ABSOLUTE
    ../clib/angel/kernel.s                   0x00000000   Number         0  rtexit.o ABSOLUTE
    ../clib/angel/kernel.s                   0x00000000   Number         0  rtexit2.o ABSOLUTE
    ../clib/angel/kernel.s                   0x00000000   Number         0  __rtentry4.o ABSOLUTE
    ../clib/angel/kernel.s                   0x00000000   Number         0  __rtentry2.o ABSOLUTE
    ../clib/angel/kernel.s                   0x00000000   Number         0  __rtentry.o ABSOLUTE
    ../clib/angel/rt.s                       0x00000000   Number         0  rt_errno_addr_intlibspace.o ABSOLUTE
    ../clib/angel/rt.s                       0x00000000   Number         0  rt_locale.o ABSOLUTE
    ../clib/angel/rt.s                       0x00000000   Number         0  rt_locale_intlibspace.o ABSOLUTE
    ../clib/angel/rt.s                       0x00000000   Number         0  rt_errno_addr.o ABSOLUTE
    ../clib/angel/rt.s                       0x00000000   Number         0  rt_raise.o ABSOLUTE
    ../clib/angel/rt.s                       0x00000000   Number         0  rt_ctype_table.o ABSOLUTE
    ../clib/angel/scatter.s                  0x00000000   Number         0  __scatter.o ABSOLUTE
    ../clib/angel/startup.s                  0x00000000   Number         0  __main.o ABSOLUTE
    ../clib/angel/sys.s                      0x00000000   Number         0  sys_stackheap_outer.o ABSOLUTE
    ../clib/angel/sys.s                      0x00000000   Number         0  use_no_semi.o ABSOLUTE
    ../clib/angel/sys.s                      0x00000000   Number         0  indicate_semi.o ABSOLUTE
    ../clib/angel/sys.s                      0x00000000   Number         0  libspace.o ABSOLUTE
    ../clib/angel/sysapp.c                   0x00000000   Number         0  sys_wrch.o ABSOLUTE
    ../clib/angel/sysapp.c                   0x00000000   Number         0  sys_command.o ABSOLUTE
    ../clib/angel/sysapp.c                   0x00000000   Number         0  sys_exit.o ABSOLUTE
    ../clib/armsys.c                         0x00000000   Number         0  _get_argv_nomalloc.o ABSOLUTE
    ../clib/armsys.c                         0x00000000   Number         0  argv_veneer.o ABSOLUTE
    ../clib/armsys.c                         0x00000000   Number         0  no_argv.o ABSOLUTE
    ../clib/armsys.c                         0x00000000   Number         0  argv_veneer.o ABSOLUTE
    ../clib/heapalloc.c                      0x00000000   Number         0  hrguard.o ABSOLUTE
    ../clib/heapaux.c                        0x00000000   Number         0  heapauxi.o ABSOLUTE
    ../clib/libinit.s                        0x00000000   Number         0  libshutdown2.o ABSOLUTE
    ../clib/libinit.s                        0x00000000   Number         0  libinit.o ABSOLUTE
    ../clib/libinit.s                        0x00000000   Number         0  libshutdown.o ABSOLUTE
    ../clib/libinit.s                        0x00000000   Number         0  libinit2.o ABSOLUTE
    ../clib/locale.s                         0x00000000   Number         0  lc_ctype_c.o ABSOLUTE
    ../clib/memcpset.s                       0x00000000   Number         0  strcmpv7m.o ABSOLUTE
    ../clib/memcpset.s                       0x00000000   Number         0  aeabi_memset.o ABSOLUTE
    ../clib/memcpset.s                       0x00000000   Number         0  rt_memclr_w.o ABSOLUTE
    ../clib/memcpset.s                       0x00000000   Number         0  rt_memclr.o ABSOLUTE
    ../clib/scanf.c                          0x00000000   Number         0  strtol.o ABSOLUTE
    ../clib/scanf.c                          0x00000000   Number         0  _chval.o ABSOLUTE
    ../clib/scanf.c                          0x00000000   Number         0  atoi.o ABSOLUTE
    ../clib/scanf.c                          0x00000000   Number         0  _strtoul.o ABSOLUTE
    ../clib/signal.c                         0x00000000   Number         0  defsig_stak_inner.o ABSOLUTE
    ../clib/signal.c                         0x00000000   Number         0  defsig_fpe_inner.o ABSOLUTE
    ../clib/signal.c                         0x00000000   Number         0  defsig_abrt_inner.o ABSOLUTE
    ../clib/signal.c                         0x00000000   Number         0  defsig_general.o ABSOLUTE
    ../clib/signal.c                         0x00000000   Number         0  defsig_rtred_inner.o ABSOLUTE
    ../clib/signal.c                         0x00000000   Number         0  __raise.o ABSOLUTE
    ../clib/signal.c                         0x00000000   Number         0  defsig_rtmem_inner.o ABSOLUTE
    ../clib/signal.c                         0x00000000   Number         0  defsig_exit.o ABSOLUTE
    ../clib/signal.c                         0x00000000   Number         0  defsig_rtmem_formal.o ABSOLUTE
    ../clib/signal.c                         0x00000000   Number         0  defsig_other.o ABSOLUTE
    ../clib/signal.c                         0x00000000   Number         0  defsig_rtmem_outer.o ABSOLUTE
    ../clib/signal.c                         0x00000000   Number         0  defsig_segv_inner.o ABSOLUTE
    ../clib/signal.c                         0x00000000   Number         0  defsig_cppl_inner.o ABSOLUTE
    ../clib/signal.c                         0x00000000   Number         0  defsig_pvfn_inner.o ABSOLUTE
    ../clib/signal.s                         0x00000000   Number         0  defsig.o ABSOLUTE
    ../clib/stdlib.c                         0x00000000   Number         0  exit.o ABSOLUTE
    ../clib/string.c                         0x00000000   Number         0  strlen.o ABSOLUTE
    ../fplib/fpinit.s                        0x00000000   Number         0  fpinit.o ABSOLUTE
    RTE\Device\TM4C1294NCPDT\startup_TM4C129.s 0x00000000   Number         0  startup_tm4c129.o ABSOLUTE
    RTE\Device\TM4C1294NCPDT\system_tm4c129.c 0x00000000   Number         0  system_tm4c129.o ABSOLUTE
    RTE\\Device\\TM4C1294NCPDT\\system_tm4c129.c 0x00000000   Number         0  system_tm4c129.o ABSOLUTE
    dc.s                                     0x00000000   Number         0  dc.o ABSOLUTE
    lab5.c                                   0x00000000   Number         0  lab5.o ABSOLUTE
    lab5.c                                   0x00000000   Number         0  lab5.o ABSOLUTE
    !!!main                                  0x00000200   Section        8  __main.o(!!!main)
    !!!scatter                               0x00000208   Section       52  __scatter.o(!!!scatter)
    !!handler_copy                           0x0000023c   Section       26  __scatter_copy.o(!!handler_copy)
    !!handler_zi                             0x00000258   Section       28  __scatter_zi.o(!!handler_zi)
    .ARM.Collect$$libinit$$00000000          0x00000274   Section        2  libinit.o(.ARM.Collect$$libinit$$00000000)
    .ARM.Collect$$libinit$$00000001          0x00000276   Section        4  libinit2.o(.ARM.Collect$$libinit$$00000001)
    .ARM.Collect$$libinit$$00000004          0x0000027a   Section        0  libinit2.o(.ARM.Collect$$libinit$$00000004)
    .ARM.Collect$$libinit$$0000000A          0x0000027a   Section        0  libinit2.o(.ARM.Collect$$libinit$$0000000A)
    .ARM.Collect$$libinit$$0000000C          0x0000027a   Section        0  libinit2.o(.ARM.Collect$$libinit$$0000000C)
    .ARM.Collect$$libinit$$0000000E          0x0000027a   Section        0  libinit2.o(.ARM.Collect$$libinit$$0000000E)
    .ARM.Collect$$libinit$$0000000F          0x0000027a   Section        6  libinit2.o(.ARM.Collect$$libinit$$0000000F)
    .ARM.Collect$$libinit$$00000011          0x00000280   Section        0  libinit2.o(.ARM.Collect$$libinit$$00000011)
    .ARM.Collect$$libinit$$00000012          0x00000280   Section       12  libinit2.o(.ARM.Collect$$libinit$$00000012)
    .ARM.Collect$$libinit$$00000013          0x0000028c   Section        0  libinit2.o(.ARM.Collect$$libinit$$00000013)
    .ARM.Collect$$libinit$$00000015          0x0000028c   Section        0  libinit2.o(.ARM.Collect$$libinit$$00000015)
    .ARM.Collect$$libinit$$00000017          0x0000028c   Section        0  libinit2.o(.ARM.Collect$$libinit$$00000017)
    .ARM.Collect$$libinit$$00000019          0x0000028c   Section        0  libinit2.o(.ARM.Collect$$libinit$$00000019)
    .ARM.Collect$$libinit$$0000001B          0x0000028c   Section        0  libinit2.o(.ARM.Collect$$libinit$$0000001B)
    .ARM.Collect$$libinit$$0000001D          0x0000028c   Section        0  libinit2.o(.ARM.Collect$$libinit$$0000001D)
    .ARM.Collect$$libinit$$0000001F          0x0000028c   Section        0  libinit2.o(.ARM.Collect$$libinit$$0000001F)
    .ARM.Collect$$libinit$$00000021          0x0000028c   Section        0  libinit2.o(.ARM.Collect$$libinit$$00000021)
    .ARM.Collect$$libinit$$00000023          0x0000028c   Section        0  libinit2.o(.ARM.Collect$$libinit$$00000023)
    .ARM.Collect$$libinit$$00000025          0x0000028c   Section        0  libinit2.o(.ARM.Collect$$libinit$$00000025)
    .ARM.Collect$$libinit$$0000002C          0x0000028c   Section        0  libinit2.o(.ARM.Collect$$libinit$$0000002C)
    .ARM.Collect$$libinit$$0000002E          0x0000028c   Section        0  libinit2.o(.ARM.Collect$$libinit$$0000002E)
    .ARM.Collect$$libinit$$00000030          0x0000028c   Section        0  libinit2.o(.ARM.Collect$$libinit$$00000030)
    .ARM.Collect$$libinit$$00000032          0x0000028c   Section        0  libinit2.o(.ARM.Collect$$libinit$$00000032)
    .ARM.Collect$$libinit$$00000033          0x0000028c   Section        2  libinit2.o(.ARM.Collect$$libinit$$00000033)
    .ARM.Collect$$libshutdown$$00000000      0x0000028e   Section        2  libshutdown.o(.ARM.Collect$$libshutdown$$00000000)
    .ARM.Collect$$libshutdown$$00000003      0x00000290   Section        0  libshutdown2.o(.ARM.Collect$$libshutdown$$00000003)
    .ARM.Collect$$libshutdown$$00000006      0x00000290   Section        0  libshutdown2.o(.ARM.Collect$$libshutdown$$00000006)
    .ARM.Collect$$libshutdown$$00000009      0x00000290   Section        0  libshutdown2.o(.ARM.Collect$$libshutdown$$00000009)
    .ARM.Collect$$libshutdown$$0000000B      0x00000290   Section        0  libshutdown2.o(.ARM.Collect$$libshutdown$$0000000B)
    .ARM.Collect$$libshutdown$$0000000E      0x00000290   Section        0  libshutdown2.o(.ARM.Collect$$libshutdown$$0000000E)
    .ARM.Collect$$libshutdown$$0000000F      0x00000290   Section        2  libshutdown2.o(.ARM.Collect$$libshutdown$$0000000F)
    .ARM.Collect$$rtentry$$00000000          0x00000292   Section        0  __rtentry.o(.ARM.Collect$$rtentry$$00000000)
    .ARM.Collect$$rtentry$$00000002          0x00000292   Section        0  __rtentry2.o(.ARM.Collect$$rtentry$$00000002)
    .ARM.Collect$$rtentry$$00000004          0x00000292   Section        6  __rtentry4.o(.ARM.Collect$$rtentry$$00000004)
    .ARM.Collect$$rtentry$$00000009          0x00000298   Section        0  __rtentry2.o(.ARM.Collect$$rtentry$$00000009)
    .ARM.Collect$$rtentry$$0000000A          0x00000298   Section        4  __rtentry2.o(.ARM.Collect$$rtentry$$0000000A)
    .ARM.Collect$$rtentry$$0000000C          0x0000029c   Section        0  __rtentry2.o(.ARM.Collect$$rtentry$$0000000C)
    .ARM.Collect$$rtentry$$0000000D          0x0000029c   Section        8  __rtentry2.o(.ARM.Collect$$rtentry$$0000000D)
    .ARM.Collect$$rtexit$$00000000           0x000002a4   Section        2  rtexit.o(.ARM.Collect$$rtexit$$00000000)
    .ARM.Collect$$rtexit$$00000002           0x000002a6   Section        0  rtexit2.o(.ARM.Collect$$rtexit$$00000002)
    .ARM.Collect$$rtexit$$00000003           0x000002a6   Section        4  rtexit2.o(.ARM.Collect$$rtexit$$00000003)
    .ARM.Collect$$rtexit$$00000004           0x000002aa   Section        6  rtexit2.o(.ARM.Collect$$rtexit$$00000004)
    .text                                    0x000002b0   Section      300  startup_tm4c129.o(.text)
    $v0                                      0x000002b0   Number         0  startup_tm4c129.o(.text)
    .text                                    0x000003dc   Section        0  atoi.o(.text)
    .text                                    0x000003f6   Section        0  strlen.o(.text)
    .text                                    0x00000434   Section       16  aeabi_memset.o(.text)
    .text                                    0x00000444   Section        0  heapauxi.o(.text)
    .text                                    0x0000044c   Section        8  rt_errno_addr_intlibspace.o(.text)
    .text                                    0x00000454   Section        0  strtol.o(.text)
    .text                                    0x000004c4   Section       68  rt_memclr.o(.text)
    .text                                    0x00000508   Section        8  libspace.o(.text)
    .text                                    0x00000510   Section       16  rt_ctype_table.o(.text)
    .text                                    0x00000520   Section        0  _strtoul.o(.text)
    .text                                    0x000005be   Section       78  rt_memclr_w.o(.text)
    .text                                    0x0000060c   Section       74  sys_stackheap_outer.o(.text)
    .text                                    0x00000658   Section        8  rt_locale_intlibspace.o(.text)
    .text                                    0x00000660   Section        0  _chval.o(.text)
    .text                                    0x0000067c   Section        0  exit.o(.text)
    .text                                    0x00000688   Section      128  strcmpv7m.o(.text)
    .text                                    0x00000708   Section        0  sys_exit.o(.text)
    .text                                    0x00000714   Section        2  use_no_semi.o(.text)
    .text                                    0x00000716   Section        0  indicate_semi.o(.text)
    i.CheckKeyIOs                            0x00000718   Section        0  lab5.o(i.CheckKeyIOs)
    i.Delay                                  0x000008a4   Section        0  lab5.o(i.Delay)
    i.GetKey                                 0x000008bc   Section        0  lab5.o(i.GetKey)
    i.LCDConfig                              0x00000954   Section        0  lab5.o(i.LCDConfig)
    i.LCD_COut                               0x00000988   Section        0  lab5.o(i.LCD_COut)
    i.LCD_Cursor                             0x000009ac   Section        0  lab5.o(i.LCD_Cursor)
    i.LCD_DATA                               0x000009d0   Section        0  lab5.o(i.LCD_DATA)
    i.LCD_E                                  0x00000a74   Section        0  lab5.o(i.LCD_E)
    i.LCD_EX                                 0x00000aa0   Section        0  lab5.o(i.LCD_EX)
    i.LCD_Limpa                              0x00000ac2   Section        0  lab5.o(i.LCD_Limpa)
    i.LCD_Out                                0x00000ad8   Section        0  lab5.o(i.LCD_Out)
    i.LCD_RS                                 0x00000b14   Section        0  lab5.o(i.LCD_RS)
    i.LCD_RW                                 0x00000b40   Section        0  lab5.o(i.LCD_RW)
    i.MainTask                               0x00000b6c   Section        0  lab5.o(i.MainTask)
    i.SetLoc                                 0x00000bc8   Section        0  lab5.o(i.SetLoc)
    i.SysTick_Handler                        0x00000bf8   Section        0  lab5.o(i.SysTick_Handler)
    i.SystemCoreClockUpdate                  0x00000c24   Section        0  system_tm4c129.o(i.SystemCoreClockUpdate)
    i.SystemInit                             0x00000c34   Section        0  system_tm4c129.o(i.SystemInit)
    i.TestButton                             0x00000c54   Section        0  lab5.o(i.TestButton)
    i.main                                   0x00000c84   Section        0  lab5.o(i.main)
    locale$$code                             0x00000fa4   Section       44  lc_ctype_c.o(locale$$code)
    x$fpl$fpinit                             0x00000fd0   Section       10  fpinit.o(x$fpl$fpinit)
    $v0                                      0x00000fd0   Number         0  fpinit.o(x$fpl$fpinit)
    locale$$data                             0x00000ffc   Section      272  lc_ctype_c.o(locale$$data)
    __lcctype_c_name                         0x00001000   Data           2  lc_ctype_c.o(locale$$data)
    __lcctype_c_start                        0x00001008   Data           0  lc_ctype_c.o(locale$$data)
    __lcctype_c_end                          0x0000110c   Data           0  lc_ctype_c.o(locale$$data)
    .data                                    0x20000000   Section       24  lab5.o(.data)
    .data                                    0x20000018   Section        4  system_tm4c129.o(.data)
    .bss                                     0x2000001c   Section       12  lab5.o(.bss)
    .bss                                     0x20000028   Section       96  libspace.o(.bss)
    HEAP                                     0x20000088   Section        0  startup_tm4c129.o(HEAP)
    STACK                                    0x20000088   Section      512  startup_tm4c129.o(STACK)
    Heap_Mem                                 0x20000088   Data           0  startup_tm4c129.o(HEAP)
    Stack_Mem                                0x20000088   Data         512  startup_tm4c129.o(STACK)
    __initial_sp                             0x20000288   Data           0  startup_tm4c129.o(STACK)

    Global Symbols

    Symbol Name                              Value     Ov Type        Size  Object(Section)

    BuildAttributes$$THM_ISAv4$E$P$D$K$B$S$7EM$VFPi3$EXTD16$VFPS$VFMA$PE$A:L22UL41UL21$X:L11$S22US41US21$IEEE1$IW$USESV6$~STKCKD$USESV7$~SHL$OSPACE$ROPI$EBA8$UX$STANDARDLIB$REQ8$PRES8$EABIv2 0x00000000   Number         0  anon$$obj.o ABSOLUTE
    __ARM_use_no_argv                        0x00000000   Number         0  lab5.o ABSOLUTE
    __Vectors                                0x00000000   Data           4  startup_tm4c129.o(RESET)
    __ARM_exceptions_init                     - Undefined Weak Reference
    __alloca_initialize                       - Undefined Weak Reference
    __arm_preinit_                            - Undefined Weak Reference
    __cpp_initialize__aeabi_                  - Undefined Weak Reference
    __cxa_finalize                            - Undefined Weak Reference
    __sigvec_lookup                           - Undefined Weak Reference
    _atexit_init                              - Undefined Weak Reference
    _call_atexit_fns                          - Undefined Weak Reference
    _clock_init                               - Undefined Weak Reference
    _fp_trap_init                             - Undefined Weak Reference
    _fp_trap_shutdown                         - Undefined Weak Reference
    _get_lc_collate                           - Undefined Weak Reference
    _get_lc_monetary                          - Undefined Weak Reference
    _get_lc_numeric                           - Undefined Weak Reference
    _get_lc_time                              - Undefined Weak Reference
    _getenv_init                              - Undefined Weak Reference
    _handle_redirection                       - Undefined Weak Reference
    _init_alloc                               - Undefined Weak Reference
    _init_user_alloc                          - Undefined Weak Reference
    _initio                                   - Undefined Weak Reference
    _rand_init                                - Undefined Weak Reference
    _signal_finish                            - Undefined Weak Reference
    _signal_init                              - Undefined Weak Reference
    _terminate_alloc                          - Undefined Weak Reference
    _terminate_user_alloc                     - Undefined Weak Reference
    _terminateio                              - Undefined Weak Reference
    __Vectors_End                            0x00000200   Data           0  startup_tm4c129.o(RESET)
    __Vectors_Size                           0x00000200   Number         0  startup_tm4c129.o ABSOLUTE
    __main                                   0x00000201   Thumb Code     8  __main.o(!!!main)
    __scatterload                            0x00000209   Thumb Code     0  __scatter.o(!!!scatter)
    __scatterload_rt2                        0x00000209   Thumb Code    44  __scatter.o(!!!scatter)
    __scatterload_rt2_thumb_only             0x00000209   Thumb Code     0  __scatter.o(!!!scatter)
    __scatterload_null                       0x00000217   Thumb Code     0  __scatter.o(!!!scatter)
    __scatterload_copy                       0x0000023d   Thumb Code    26  __scatter_copy.o(!!handler_copy)
    __scatterload_zeroinit                   0x00000259   Thumb Code    28  __scatter_zi.o(!!handler_zi)
    __rt_lib_init                            0x00000275   Thumb Code     0  libinit.o(.ARM.Collect$$libinit$$00000000)
    __rt_lib_init_fp_1                       0x00000277   Thumb Code     0  libinit2.o(.ARM.Collect$$libinit$$00000001)
    __rt_lib_init_heap_1                     0x0000027b   Thumb Code     0  libinit2.o(.ARM.Collect$$libinit$$0000000A)
    __rt_lib_init_lc_common                  0x0000027b   Thumb Code     0  libinit2.o(.ARM.Collect$$libinit$$0000000F)
    __rt_lib_init_preinit_1                  0x0000027b   Thumb Code     0  libinit2.o(.ARM.Collect$$libinit$$00000004)
    __rt_lib_init_rand_1                     0x0000027b   Thumb Code     0  libinit2.o(.ARM.Collect$$libinit$$0000000E)
    __rt_lib_init_user_alloc_1               0x0000027b   Thumb Code     0  libinit2.o(.ARM.Collect$$libinit$$0000000C)
    __rt_lib_init_lc_collate_1               0x00000281   Thumb Code     0  libinit2.o(.ARM.Collect$$libinit$$00000011)
    __rt_lib_init_lc_ctype_2                 0x00000281   Thumb Code     0  libinit2.o(.ARM.Collect$$libinit$$00000012)
    __rt_lib_init_alloca_1                   0x0000028d   Thumb Code     0  libinit2.o(.ARM.Collect$$libinit$$0000002E)
    __rt_lib_init_argv_1                     0x0000028d   Thumb Code     0  libinit2.o(.ARM.Collect$$libinit$$0000002C)
    __rt_lib_init_atexit_1                   0x0000028d   Thumb Code     0  libinit2.o(.ARM.Collect$$libinit$$0000001B)
    __rt_lib_init_clock_1                    0x0000028d   Thumb Code     0  libinit2.o(.ARM.Collect$$libinit$$00000021)
    __rt_lib_init_cpp_1                      0x0000028d   Thumb Code     0  libinit2.o(.ARM.Collect$$libinit$$00000032)
    __rt_lib_init_exceptions_1               0x0000028d   Thumb Code     0  libinit2.o(.ARM.Collect$$libinit$$00000030)
    __rt_lib_init_fp_trap_1                  0x0000028d   Thumb Code     0  libinit2.o(.ARM.Collect$$libinit$$0000001F)
    __rt_lib_init_getenv_1                   0x0000028d   Thumb Code     0  libinit2.o(.ARM.Collect$$libinit$$00000023)
    __rt_lib_init_lc_ctype_1                 0x0000028d   Thumb Code     0  libinit2.o(.ARM.Collect$$libinit$$00000013)
    __rt_lib_init_lc_monetary_1              0x0000028d   Thumb Code     0  libinit2.o(.ARM.Collect$$libinit$$00000015)
    __rt_lib_init_lc_numeric_1               0x0000028d   Thumb Code     0  libinit2.o(.ARM.Collect$$libinit$$00000017)
    __rt_lib_init_lc_time_1                  0x0000028d   Thumb Code     0  libinit2.o(.ARM.Collect$$libinit$$00000019)
    __rt_lib_init_return                     0x0000028d   Thumb Code     0  libinit2.o(.ARM.Collect$$libinit$$00000033)
    __rt_lib_init_signal_1                   0x0000028d   Thumb Code     0  libinit2.o(.ARM.Collect$$libinit$$0000001D)
    __rt_lib_init_stdio_1                    0x0000028d   Thumb Code     0  libinit2.o(.ARM.Collect$$libinit$$00000025)
    __rt_lib_shutdown                        0x0000028f   Thumb Code     0  libshutdown.o(.ARM.Collect$$libshutdown$$00000000)
    __rt_lib_shutdown_fp_trap_1              0x00000291   Thumb Code     0  libshutdown2.o(.ARM.Collect$$libshutdown$$00000006)
    __rt_lib_shutdown_heap_1                 0x00000291   Thumb Code     0  libshutdown2.o(.ARM.Collect$$libshutdown$$0000000E)
    __rt_lib_shutdown_return                 0x00000291   Thumb Code     0  libshutdown2.o(.ARM.Collect$$libshutdown$$0000000F)
    __rt_lib_shutdown_signal_1               0x00000291   Thumb Code     0  libshutdown2.o(.ARM.Collect$$libshutdown$$00000009)
    __rt_lib_shutdown_stdio_1                0x00000291   Thumb Code     0  libshutdown2.o(.ARM.Collect$$libshutdown$$00000003)
    __rt_lib_shutdown_user_alloc_1           0x00000291   Thumb Code     0  libshutdown2.o(.ARM.Collect$$libshutdown$$0000000B)
    __rt_entry                               0x00000293   Thumb Code     0  __rtentry.o(.ARM.Collect$$rtentry$$00000000)
    __rt_entry_presh_1                       0x00000293   Thumb Code     0  __rtentry2.o(.ARM.Collect$$rtentry$$00000002)
    __rt_entry_sh                            0x00000293   Thumb Code     0  __rtentry4.o(.ARM.Collect$$rtentry$$00000004)
    __rt_entry_li                            0x00000299   Thumb Code     0  __rtentry2.o(.ARM.Collect$$rtentry$$0000000A)
    __rt_entry_postsh_1                      0x00000299   Thumb Code     0  __rtentry2.o(.ARM.Collect$$rtentry$$00000009)
    __rt_entry_main                          0x0000029d   Thumb Code     0  __rtentry2.o(.ARM.Collect$$rtentry$$0000000D)
    __rt_entry_postli_1                      0x0000029d   Thumb Code     0  __rtentry2.o(.ARM.Collect$$rtentry$$0000000C)
    __rt_exit                                0x000002a5   Thumb Code     0  rtexit.o(.ARM.Collect$$rtexit$$00000000)
    __rt_exit_ls                             0x000002a7   Thumb Code     0  rtexit2.o(.ARM.Collect$$rtexit$$00000003)
    __rt_exit_prels_1                        0x000002a7   Thumb Code     0  rtexit2.o(.ARM.Collect$$rtexit$$00000002)
    __rt_exit_exit                           0x000002ab   Thumb Code     0  rtexit2.o(.ARM.Collect$$rtexit$$00000004)
    Reset_Handler                            0x000002b1   Thumb Code     8  startup_tm4c129.o(.text)
    NMI_Handler                              0x000002b9   Thumb Code     2  startup_tm4c129.o(.text)
    HardFault_Handler                        0x000002bb   Thumb Code     2  startup_tm4c129.o(.text)
    MemManage_Handler                        0x000002bd   Thumb Code     2  startup_tm4c129.o(.text)
    BusFault_Handler                         0x000002bf   Thumb Code     2  startup_tm4c129.o(.text)
    UsageFault_Handler                       0x000002c1   Thumb Code     2  startup_tm4c129.o(.text)
    SVC_Handler                              0x000002c3   Thumb Code     2  startup_tm4c129.o(.text)
    DebugMon_Handler                         0x000002c5   Thumb Code     2  startup_tm4c129.o(.text)
    PendSV_Handler                           0x000002c7   Thumb Code     2  startup_tm4c129.o(.text)
    GPIOA_Handler                            0x000002cb   Thumb Code     2  startup_tm4c129.o(.text)
    GPIOB_Handler                            0x000002cd   Thumb Code     2  startup_tm4c129.o(.text)
    GPIOC_Handler                            0x000002cf   Thumb Code     2  startup_tm4c129.o(.text)
    GPIOD_Handler                            0x000002d1   Thumb Code     2  startup_tm4c129.o(.text)
    GPIOE_Handler                            0x000002d3   Thumb Code     2  startup_tm4c129.o(.text)
    UART0_Handler                            0x000002d5   Thumb Code     2  startup_tm4c129.o(.text)
    UART1_Handler                            0x000002d7   Thumb Code     2  startup_tm4c129.o(.text)
    SSI0_Handler                             0x000002d9   Thumb Code     2  startup_tm4c129.o(.text)
    I2C0_Handler                             0x000002db   Thumb Code     2  startup_tm4c129.o(.text)
    PMW0_FAULT_Handler                       0x000002dd   Thumb Code     2  startup_tm4c129.o(.text)
    PWM0_0_Handler                           0x000002df   Thumb Code     2  startup_tm4c129.o(.text)
    PWM0_1_Handler                           0x000002e1   Thumb Code     2  startup_tm4c129.o(.text)
    PWM0_2_Handler                           0x000002e3   Thumb Code     2  startup_tm4c129.o(.text)
    QEI0_Handler                             0x000002e5   Thumb Code     2  startup_tm4c129.o(.text)
    ADC0SS0_Handler                          0x000002e7   Thumb Code     2  startup_tm4c129.o(.text)
    ADC0SS1_Handler                          0x000002e9   Thumb Code     2  startup_tm4c129.o(.text)
    ADC0SS2_Handler                          0x000002eb   Thumb Code     2  startup_tm4c129.o(.text)
    ADC0SS3_Handler                          0x000002ed   Thumb Code     2  startup_tm4c129.o(.text)
    WDT0_Handler                             0x000002ef   Thumb Code     2  startup_tm4c129.o(.text)
    TIMER0A_Handler                          0x000002f1   Thumb Code     2  startup_tm4c129.o(.text)
    TIMER0B_Handler                          0x000002f3   Thumb Code     2  startup_tm4c129.o(.text)
    TIMER1A_Handler                          0x000002f5   Thumb Code     2  startup_tm4c129.o(.text)
    TIMER1B_Handler                          0x000002f7   Thumb Code     2  startup_tm4c129.o(.text)
    TIMER2A_Handler                          0x000002f9   Thumb Code     2  startup_tm4c129.o(.text)
    TIMER2B_Handler                          0x000002fb   Thumb Code     2  startup_tm4c129.o(.text)
    COMP0_Handler                            0x000002fd   Thumb Code     2  startup_tm4c129.o(.text)
    COMP1_Handler                            0x000002ff   Thumb Code     2  startup_tm4c129.o(.text)
    COMP2_Handler                            0x00000301   Thumb Code     2  startup_tm4c129.o(.text)
    SYSCTL_Handler                           0x00000303   Thumb Code     2  startup_tm4c129.o(.text)
    FLASH_Handler                            0x00000305   Thumb Code     2  startup_tm4c129.o(.text)
    GPIOF_Handler                            0x00000307   Thumb Code     2  startup_tm4c129.o(.text)
    GPIOG_Handler                            0x00000309   Thumb Code     2  startup_tm4c129.o(.text)
    GPIOH_Handler                            0x0000030b   Thumb Code     2  startup_tm4c129.o(.text)
    UART2_Handler                            0x0000030d   Thumb Code     2  startup_tm4c129.o(.text)
    SSI1_Handler                             0x0000030f   Thumb Code     2  startup_tm4c129.o(.text)
    TIMER3A_Handler                          0x00000311   Thumb Code     2  startup_tm4c129.o(.text)
    TIMER3B_Handler                          0x00000313   Thumb Code     2  startup_tm4c129.o(.text)
    I2C1_Handler                             0x00000315   Thumb Code     2  startup_tm4c129.o(.text)
    CAN0_Handler                             0x00000317   Thumb Code     2  startup_tm4c129.o(.text)
    CAN1_Handler                             0x00000319   Thumb Code     2  startup_tm4c129.o(.text)
    ETH_Handler                              0x0000031b   Thumb Code     2  startup_tm4c129.o(.text)
    HIB_Handler                              0x0000031d   Thumb Code     2  startup_tm4c129.o(.text)
    USB0_Handler                             0x0000031f   Thumb Code     2  startup_tm4c129.o(.text)
    PWM0_3_Handler                           0x00000321   Thumb Code     2  startup_tm4c129.o(.text)
    UDMA_Handler                             0x00000323   Thumb Code     2  startup_tm4c129.o(.text)
    UDMAERR_Handler                          0x00000325   Thumb Code     2  startup_tm4c129.o(.text)
    ADC1SS0_Handler                          0x00000327   Thumb Code     2  startup_tm4c129.o(.text)
    ADC1SS1_Handler                          0x00000329   Thumb Code     2  startup_tm4c129.o(.text)
    ADC1SS2_Handler                          0x0000032b   Thumb Code     2  startup_tm4c129.o(.text)
    ADC1SS3_Handler                          0x0000032d   Thumb Code     2  startup_tm4c129.o(.text)
    EBI0_Handler                             0x0000032f   Thumb Code     2  startup_tm4c129.o(.text)
    GPIOJ_Handler                            0x00000331   Thumb Code     2  startup_tm4c129.o(.text)
    GPIOK_Handler                            0x00000333   Thumb Code     2  startup_tm4c129.o(.text)
    GPIOL_Handler                            0x00000335   Thumb Code     2  startup_tm4c129.o(.text)
    SSI2_Handler                             0x00000337   Thumb Code     2  startup_tm4c129.o(.text)
    SSI3_Handler                             0x00000339   Thumb Code     2  startup_tm4c129.o(.text)
    UART3_Handler                            0x0000033b   Thumb Code     2  startup_tm4c129.o(.text)
    UART4_Handler                            0x0000033d   Thumb Code     2  startup_tm4c129.o(.text)
    UART5_Handler                            0x0000033f   Thumb Code     2  startup_tm4c129.o(.text)
    UART6_Handler                            0x00000341   Thumb Code     2  startup_tm4c129.o(.text)
    UART7_Handler                            0x00000343   Thumb Code     2  startup_tm4c129.o(.text)
    I2C2_Handler                             0x00000345   Thumb Code     2  startup_tm4c129.o(.text)
    I2C3_Handler                             0x00000347   Thumb Code     2  startup_tm4c129.o(.text)
    TIMER4A_Handler                          0x00000349   Thumb Code     2  startup_tm4c129.o(.text)
    TIMER4B_Handler                          0x0000034b   Thumb Code     2  startup_tm4c129.o(.text)
    TIMER5A_Handler                          0x0000034d   Thumb Code     2  startup_tm4c129.o(.text)
    TIMER5B_Handler                          0x0000034f   Thumb Code     2  startup_tm4c129.o(.text)
    WTIMER0A_Handler                         0x00000351   Thumb Code     2  startup_tm4c129.o(.text)
    WTIMER0B_Handler                         0x00000353   Thumb Code     2  startup_tm4c129.o(.text)
    WTIMER1A_Handler                         0x00000355   Thumb Code     2  startup_tm4c129.o(.text)
    WTIMER1B_Handler                         0x00000357   Thumb Code     2  startup_tm4c129.o(.text)
    WTIMER2A_Handler                         0x00000359   Thumb Code     2  startup_tm4c129.o(.text)
    WTIMER2B_Handler                         0x0000035b   Thumb Code     2  startup_tm4c129.o(.text)
    WTIMER3A_Handler                         0x0000035d   Thumb Code     2  startup_tm4c129.o(.text)
    WTIMER3B_Handler                         0x0000035f   Thumb Code     2  startup_tm4c129.o(.text)
    WTIMER4A_Handler                         0x00000361   Thumb Code     2  startup_tm4c129.o(.text)
    WTIMER4B_Handler                         0x00000363   Thumb Code     2  startup_tm4c129.o(.text)
    WTIMER5A_Handler                         0x00000365   Thumb Code     2  startup_tm4c129.o(.text)
    WTIMER5B_Handler                         0x00000367   Thumb Code     2  startup_tm4c129.o(.text)
    FPU_Handler                              0x00000369   Thumb Code     2  startup_tm4c129.o(.text)
    I2C4_Handler                             0x0000036b   Thumb Code     2  startup_tm4c129.o(.text)
    I2C5_Handler                             0x0000036d   Thumb Code     2  startup_tm4c129.o(.text)
    GPIOM_Handler                            0x0000036f   Thumb Code     2  startup_tm4c129.o(.text)
    GPION_Handler                            0x00000371   Thumb Code     2  startup_tm4c129.o(.text)
    TAMPER_Handler                           0x00000373   Thumb Code     2  startup_tm4c129.o(.text)
    GPIOP0_Handler                           0x00000375   Thumb Code     2  startup_tm4c129.o(.text)
    GPIOP1_Handler                           0x00000377   Thumb Code     2  startup_tm4c129.o(.text)
    GPIOP2_Handler                           0x00000379   Thumb Code     2  startup_tm4c129.o(.text)
    GPIOP3_Handler                           0x0000037b   Thumb Code     2  startup_tm4c129.o(.text)
    GPIOP4_Handler                           0x0000037d   Thumb Code     2  startup_tm4c129.o(.text)
    GPIOP5_Handler                           0x0000037f   Thumb Code     2  startup_tm4c129.o(.text)
    GPIOP6_Handler                           0x00000381   Thumb Code     2  startup_tm4c129.o(.text)
    GPIOP7_Handler                           0x00000383   Thumb Code     2  startup_tm4c129.o(.text)
    GPIOQ0_Handler                           0x00000385   Thumb Code     2  startup_tm4c129.o(.text)
    GPIOQ1_Handler                           0x00000387   Thumb Code     2  startup_tm4c129.o(.text)
    GPIOQ2_Handler                           0x00000389   Thumb Code     2  startup_tm4c129.o(.text)
    GPIOQ3_Handler                           0x0000038b   Thumb Code     2  startup_tm4c129.o(.text)
    GPIOQ4_Handler                           0x0000038d   Thumb Code     2  startup_tm4c129.o(.text)
    GPIOQ5_Handler                           0x0000038f   Thumb Code     2  startup_tm4c129.o(.text)
    GPIOQ6_Handler                           0x00000391   Thumb Code     2  startup_tm4c129.o(.text)
    GPIOQ7_Handler                           0x00000393   Thumb Code     2  startup_tm4c129.o(.text)
    GPIOR_Handler                            0x00000395   Thumb Code     2  startup_tm4c129.o(.text)
    GPIOS_Handler                            0x00000397   Thumb Code     2  startup_tm4c129.o(.text)
    SHAMD5_Handler                           0x00000399   Thumb Code     2  startup_tm4c129.o(.text)
    AES_Handler                              0x0000039b   Thumb Code     2  startup_tm4c129.o(.text)
    DES3DES_Handler                          0x0000039d   Thumb Code     2  startup_tm4c129.o(.text)
    LCDCONTROLLER_Handler                    0x0000039f   Thumb Code     2  startup_tm4c129.o(.text)
    TIMER6A_Handler                          0x000003a1   Thumb Code     2  startup_tm4c129.o(.text)
    TIMER6B_Handler                          0x000003a3   Thumb Code     2  startup_tm4c129.o(.text)
    TIMER7A_Handler                          0x000003a5   Thumb Code     2  startup_tm4c129.o(.text)
    TIMER7B_Handler                          0x000003a7   Thumb Code     2  startup_tm4c129.o(.text)
    I2C6_Handler                             0x000003a9   Thumb Code     2  startup_tm4c129.o(.text)
    I2C7_Handler                             0x000003ab   Thumb Code     2  startup_tm4c129.o(.text)
    HIMSCANKEYBOARD_Handler                  0x000003ad   Thumb Code     2  startup_tm4c129.o(.text)
    ONEWIRE_Handler                          0x000003af   Thumb Code     2  startup_tm4c129.o(.text)
    HIMPS2_Handler                           0x000003b1   Thumb Code     2  startup_tm4c129.o(.text)
    HIMLEDSEQUENCER_Handler                  0x000003b3   Thumb Code     2  startup_tm4c129.o(.text)
    HIMCONSUMERIR_Handler                    0x000003b5   Thumb Code     2  startup_tm4c129.o(.text)
    I2C8_Handler                             0x000003b7   Thumb Code     2  startup_tm4c129.o(.text)
    I2C9_Handler                             0x000003b9   Thumb Code     2  startup_tm4c129.o(.text)
    GPIOT_Handler                            0x000003bb   Thumb Code     2  startup_tm4c129.o(.text)
    __user_initial_stackheap                 0x000003bd   Thumb Code     0  startup_tm4c129.o(.text)
    atoi                                     0x000003dd   Thumb Code    26  atoi.o(.text)
    strlen                                   0x000003f7   Thumb Code    62  strlen.o(.text)
    __aeabi_memset                           0x00000435   Thumb Code    16  aeabi_memset.o(.text)
    __use_two_region_memory                  0x00000445   Thumb Code     2  heapauxi.o(.text)
    __rt_heap_escrow$2region                 0x00000447   Thumb Code     2  heapauxi.o(.text)
    __rt_heap_expand$2region                 0x00000449   Thumb Code     2  heapauxi.o(.text)
    __aeabi_errno_addr                       0x0000044d   Thumb Code     8  rt_errno_addr_intlibspace.o(.text)
    __errno$intlibspace                      0x0000044d   Thumb Code     0  rt_errno_addr_intlibspace.o(.text)
    __rt_errno_addr$intlibspace              0x0000044d   Thumb Code     0  rt_errno_addr_intlibspace.o(.text)
    strtol                                   0x00000455   Thumb Code   112  strtol.o(.text)
    __aeabi_memclr                           0x000004c5   Thumb Code     0  rt_memclr.o(.text)
    __rt_memclr                              0x000004c5   Thumb Code    68  rt_memclr.o(.text)
    _memset                                  0x000004c9   Thumb Code     0  rt_memclr.o(.text)
    __user_libspace                          0x00000509   Thumb Code     8  libspace.o(.text)
    __user_perproc_libspace                  0x00000509   Thumb Code     0  libspace.o(.text)
    __user_perthread_libspace                0x00000509   Thumb Code     0  libspace.o(.text)
    __rt_ctype_table                         0x00000511   Thumb Code    16  rt_ctype_table.o(.text)
    _strtoul                                 0x00000521   Thumb Code   158  _strtoul.o(.text)
    __aeabi_memclr4                          0x000005bf   Thumb Code     0  rt_memclr_w.o(.text)
    __aeabi_memclr8                          0x000005bf   Thumb Code     0  rt_memclr_w.o(.text)
    __rt_memclr_w                            0x000005bf   Thumb Code    78  rt_memclr_w.o(.text)
    _memset_w                                0x000005c3   Thumb Code     0  rt_memclr_w.o(.text)
    __user_setup_stackheap                   0x0000060d   Thumb Code    74  sys_stackheap_outer.o(.text)
    __rt_locale                              0x00000659   Thumb Code     8  rt_locale_intlibspace.o(.text)
    _chval                                   0x00000661   Thumb Code    28  _chval.o(.text)
    exit                                     0x0000067d   Thumb Code    12  exit.o(.text)
    strcmp                                   0x00000689   Thumb Code   128  strcmpv7m.o(.text)
    _sys_exit                                0x00000709   Thumb Code     8  sys_exit.o(.text)
    __I$use$semihosting                      0x00000715   Thumb Code     0  use_no_semi.o(.text)
    __use_no_semihosting_swi                 0x00000715   Thumb Code     2  use_no_semi.o(.text)
    __semihosting_library_function           0x00000717   Thumb Code     0  indicate_semi.o(.text)
    CheckKeyIOs                              0x00000719   Thumb Code   372  lab5.o(i.CheckKeyIOs)
    Delay                                    0x000008a5   Thumb Code    20  lab5.o(i.Delay)
    GetKey                                   0x000008bd   Thumb Code   138  lab5.o(i.GetKey)
    LCDConfig                                0x00000955   Thumb Code    52  lab5.o(i.LCDConfig)
    LCD_COut                                 0x00000989   Thumb Code    36  lab5.o(i.LCD_COut)
    LCD_Cursor                               0x000009ad   Thumb Code    34  lab5.o(i.LCD_Cursor)
    LCD_DATA                                 0x000009d1   Thumb Code   146  lab5.o(i.LCD_DATA)
    LCD_E                                    0x00000a75   Thumb Code    34  lab5.o(i.LCD_E)
    LCD_EX                                   0x00000aa1   Thumb Code    34  lab5.o(i.LCD_EX)
    LCD_Limpa                                0x00000ac3   Thumb Code    22  lab5.o(i.LCD_Limpa)
    LCD_Out                                  0x00000ad9   Thumb Code    58  lab5.o(i.LCD_Out)
    LCD_RS                                   0x00000b15   Thumb Code    34  lab5.o(i.LCD_RS)
    LCD_RW                                   0x00000b41   Thumb Code    34  lab5.o(i.LCD_RW)
    MainTask                                 0x00000b6d   Thumb Code    74  lab5.o(i.MainTask)
    SetLoc                                   0x00000bc9   Thumb Code    46  lab5.o(i.SetLoc)
    SysTick_Handler                          0x00000bf9   Thumb Code    36  lab5.o(i.SysTick_Handler)
    SystemCoreClockUpdate                    0x00000c25   Thumb Code     8  system_tm4c129.o(i.SystemCoreClockUpdate)
    SystemInit                               0x00000c35   Thumb Code    20  system_tm4c129.o(i.SystemInit)
    TestButton                               0x00000c55   Thumb Code    34  lab5.o(i.TestButton)
    main                                     0x00000c85   Thumb Code   622  lab5.o(i.main)
    _get_lc_ctype                            0x00000fa5   Thumb Code    44  lc_ctype_c.o(locale$$code)
    _fp_init                                 0x00000fd1   Thumb Code    10  fpinit.o(x$fpl$fpinit)
    __fplib_config_fpu_vfp                   0x00000fd9   Thumb Code     0  fpinit.o(x$fpl$fpinit)
    __fplib_config_pureend_doubles           0x00000fd9   Thumb Code     0  fpinit.o(x$fpl$fpinit)
    Region$$Table$$Base                      0x00000fdc   Number         0  anon$$obj.o(Region$$Table)
    Region$$Table$$Limit                     0x00000ffc   Number         0  anon$$obj.o(Region$$Table)
    __ctype                                  0x00001009   Data           0  lc_ctype_c.o(locale$$data)
    actualKey                                0x20000000   Data           1  lab5.o(.data)
    Valor                                    0x20000004   Data           4  lab5.o(.data)
    SValor                                   0x20000008   Data           4  lab5.o(.data)
    keyStep                                  0x2000000c   Data           1  lab5.o(.data)
    keyCol                                   0x2000000d   Data           1  lab5.o(.data)
    msTicks                                  0x20000010   Data           4  lab5.o(.data)
    TimerDownCnt                             0x20000014   Data           4  lab5.o(.data)
    SystemCoreClock                          0x20000018   Data           4  system_tm4c129.o(.data)
    Key                                      0x2000001c   Data          12  lab5.o(.bss)
    __libspace_start                         0x20000028   Data          96  libspace.o(.bss)
    __temporary_stack_top$libspace           0x20000088   Data           0  libspace.o(.bss)



==============================================================================

Memory Map of the image

  Image Entry point : 0x000002b1

  Load Region LR_1 (Base: 0x00000000, Size: 0x00001128, Max: 0xffffffff, ABSOLUTE)

    Execution Region ER_RO (Base: 0x00000000, Size: 0x0000110c, Max: 0xffffffff, ABSOLUTE)

    Base Addr    Size         Type   Attr      Idx    E Section Name        Object

    0x00000000   0x00000200   Data   RO          168    RESET               startup_tm4c129.o
    0x00000200   0x00000008   Code   RO          223  * !!!main             c_w.l(__main.o)
    0x00000208   0x00000034   Code   RO          406    !!!scatter          c_w.l(__scatter.o)
    0x0000023c   0x0000001a   Code   RO          408    !!handler_copy      c_w.l(__scatter_copy.o)
    0x00000256   0x00000002   PAD
    0x00000258   0x0000001c   Code   RO          410    !!handler_zi        c_w.l(__scatter_zi.o)
    0x00000274   0x00000002   Code   RO          278    .ARM.Collect$$libinit$$00000000  c_w.l(libinit.o)
    0x00000276   0x00000004   Code   RO          283    .ARM.Collect$$libinit$$00000001  c_w.l(libinit2.o)
    0x0000027a   0x00000000   Code   RO          286    .ARM.Collect$$libinit$$00000004  c_w.l(libinit2.o)
    0x0000027a   0x00000000   Code   RO          289    .ARM.Collect$$libinit$$0000000A  c_w.l(libinit2.o)
    0x0000027a   0x00000000   Code   RO          291    .ARM.Collect$$libinit$$0000000C  c_w.l(libinit2.o)
    0x0000027a   0x00000000   Code   RO          293    .ARM.Collect$$libinit$$0000000E  c_w.l(libinit2.o)
    0x0000027a   0x00000006   Code   RO          294    .ARM.Collect$$libinit$$0000000F  c_w.l(libinit2.o)
    0x00000280   0x00000000   Code   RO          296    .ARM.Collect$$libinit$$00000011  c_w.l(libinit2.o)
    0x00000280   0x0000000c   Code   RO          297    .ARM.Collect$$libinit$$00000012  c_w.l(libinit2.o)
    0x0000028c   0x00000000   Code   RO          298    .ARM.Collect$$libinit$$00000013  c_w.l(libinit2.o)
    0x0000028c   0x00000000   Code   RO          300    .ARM.Collect$$libinit$$00000015  c_w.l(libinit2.o)
    0x0000028c   0x00000000   Code   RO          302    .ARM.Collect$$libinit$$00000017  c_w.l(libinit2.o)
    0x0000028c   0x00000000   Code   RO          304    .ARM.Collect$$libinit$$00000019  c_w.l(libinit2.o)
    0x0000028c   0x00000000   Code   RO          306    .ARM.Collect$$libinit$$0000001B  c_w.l(libinit2.o)
    0x0000028c   0x00000000   Code   RO          308    .ARM.Collect$$libinit$$0000001D  c_w.l(libinit2.o)
    0x0000028c   0x00000000   Code   RO          310    .ARM.Collect$$libinit$$0000001F  c_w.l(libinit2.o)
    0x0000028c   0x00000000   Code   RO          312    .ARM.Collect$$libinit$$00000021  c_w.l(libinit2.o)
    0x0000028c   0x00000000   Code   RO          314    .ARM.Collect$$libinit$$00000023  c_w.l(libinit2.o)
    0x0000028c   0x00000000   Code   RO          316    .ARM.Collect$$libinit$$00000025  c_w.l(libinit2.o)
    0x0000028c   0x00000000   Code   RO          320    .ARM.Collect$$libinit$$0000002C  c_w.l(libinit2.o)
    0x0000028c   0x00000000   Code   RO          322    .ARM.Collect$$libinit$$0000002E  c_w.l(libinit2.o)
    0x0000028c   0x00000000   Code   RO          324    .ARM.Collect$$libinit$$00000030  c_w.l(libinit2.o)
    0x0000028c   0x00000000   Code   RO          326    .ARM.Collect$$libinit$$00000032  c_w.l(libinit2.o)
    0x0000028c   0x00000002   Code   RO          327    .ARM.Collect$$libinit$$00000033  c_w.l(libinit2.o)
    0x0000028e   0x00000002   Code   RO          347    .ARM.Collect$$libshutdown$$00000000  c_w.l(libshutdown.o)
    0x00000290   0x00000000   Code   RO          361    .ARM.Collect$$libshutdown$$00000003  c_w.l(libshutdown2.o)
    0x00000290   0x00000000   Code   RO          364    .ARM.Collect$$libshutdown$$00000006  c_w.l(libshutdown2.o)
    0x00000290   0x00000000   Code   RO          367    .ARM.Collect$$libshutdown$$00000009  c_w.l(libshutdown2.o)
    0x00000290   0x00000000   Code   RO          369    .ARM.Collect$$libshutdown$$0000000B  c_w.l(libshutdown2.o)
    0x00000290   0x00000000   Code   RO          372    .ARM.Collect$$libshutdown$$0000000E  c_w.l(libshutdown2.o)
    0x00000290   0x00000002   Code   RO          373    .ARM.Collect$$libshutdown$$0000000F  c_w.l(libshutdown2.o)
    0x00000292   0x00000000   Code   RO          225    .ARM.Collect$$rtentry$$00000000  c_w.l(__rtentry.o)
    0x00000292   0x00000000   Code   RO          239    .ARM.Collect$$rtentry$$00000002  c_w.l(__rtentry2.o)
    0x00000292   0x00000006   Code   RO          251    .ARM.Collect$$rtentry$$00000004  c_w.l(__rtentry4.o)
    0x00000298   0x00000000   Code   RO          241    .ARM.Collect$$rtentry$$00000009  c_w.l(__rtentry2.o)
    0x00000298   0x00000004   Code   RO          242    .ARM.Collect$$rtentry$$0000000A  c_w.l(__rtentry2.o)
    0x0000029c   0x00000000   Code   RO          244    .ARM.Collect$$rtentry$$0000000C  c_w.l(__rtentry2.o)
    0x0000029c   0x00000008   Code   RO          245    .ARM.Collect$$rtentry$$0000000D  c_w.l(__rtentry2.o)
    0x000002a4   0x00000002   Code   RO          279    .ARM.Collect$$rtexit$$00000000  c_w.l(rtexit.o)
    0x000002a6   0x00000000   Code   RO          329    .ARM.Collect$$rtexit$$00000002  c_w.l(rtexit2.o)
    0x000002a6   0x00000004   Code   RO          330    .ARM.Collect$$rtexit$$00000003  c_w.l(rtexit2.o)
    0x000002aa   0x00000006   Code   RO          331    .ARM.Collect$$rtexit$$00000004  c_w.l(rtexit2.o)
    0x000002b0   0x0000012c   Code   RO          169  * .text               startup_tm4c129.o
    0x000003dc   0x0000001a   Code   RO          215    .text               c_w.l(atoi.o)
    0x000003f6   0x0000003e   Code   RO          217    .text               c_w.l(strlen.o)
    0x00000434   0x00000010   Code   RO          219    .text               c_w.l(aeabi_memset.o)
    0x00000444   0x00000006   Code   RO          221    .text               c_w.l(heapauxi.o)
    0x0000044a   0x00000002   PAD
    0x0000044c   0x00000008   Code   RO          229    .text               c_w.l(rt_errno_addr_intlibspace.o)
    0x00000454   0x00000070   Code   RO          231    .text               c_w.l(strtol.o)
    0x000004c4   0x00000044   Code   RO          233    .text               c_w.l(rt_memclr.o)
    0x00000508   0x00000008   Code   RO          235    .text               c_w.l(libspace.o)
    0x00000510   0x00000010   Code   RO          253    .text               c_w.l(rt_ctype_table.o)
    0x00000520   0x0000009e   Code   RO          255    .text               c_w.l(_strtoul.o)
    0x000005be   0x0000004e   Code   RO          257    .text               c_w.l(rt_memclr_w.o)
    0x0000060c   0x0000004a   Code   RO          259    .text               c_w.l(sys_stackheap_outer.o)
    0x00000656   0x00000002   PAD
    0x00000658   0x00000008   Code   RO          264    .text               c_w.l(rt_locale_intlibspace.o)
    0x00000660   0x0000001c   Code   RO          266    .text               c_w.l(_chval.o)
    0x0000067c   0x0000000c   Code   RO          271    .text               c_w.l(exit.o)
    0x00000688   0x00000080   Code   RO          281    .text               c_w.l(strcmpv7m.o)
    0x00000708   0x0000000c   Code   RO          339    .text               c_w.l(sys_exit.o)
    0x00000714   0x00000002   Code   RO          350    .text               c_w.l(use_no_semi.o)
    0x00000716   0x00000000   Code   RO          352    .text               c_w.l(indicate_semi.o)
    0x00000716   0x00000002   PAD
    0x00000718   0x0000018c   Code   RO            4    i.CheckKeyIOs       lab5.o
    0x000008a4   0x00000018   Code   RO            5    i.Delay             lab5.o
    0x000008bc   0x00000098   Code   RO            6    i.GetKey            lab5.o
    0x00000954   0x00000034   Code   RO            7    i.LCDConfig         lab5.o
    0x00000988   0x00000024   Code   RO            8    i.LCD_COut          lab5.o
    0x000009ac   0x00000022   Code   RO            9    i.LCD_Cursor        lab5.o
    0x000009ce   0x00000002   PAD
    0x000009d0   0x000000a4   Code   RO           10    i.LCD_DATA          lab5.o
    0x00000a74   0x0000002c   Code   RO           11    i.LCD_E             lab5.o
    0x00000aa0   0x00000022   Code   RO           12    i.LCD_EX            lab5.o
    0x00000ac2   0x00000016   Code   RO           13    i.LCD_Limpa         lab5.o
    0x00000ad8   0x0000003a   Code   RO           14    i.LCD_Out           lab5.o
    0x00000b12   0x00000002   PAD
    0x00000b14   0x0000002c   Code   RO           15    i.LCD_RS            lab5.o
    0x00000b40   0x0000002c   Code   RO           16    i.LCD_RW            lab5.o
    0x00000b6c   0x0000005c   Code   RO           17    i.MainTask          lab5.o
    0x00000bc8   0x0000002e   Code   RO           18    i.SetLoc            lab5.o
    0x00000bf6   0x00000002   PAD
    0x00000bf8   0x0000002c   Code   RO           19    i.SysTick_Handler   lab5.o
    0x00000c24   0x00000010   Code   RO          176    i.SystemCoreClockUpdate  system_tm4c129.o
    0x00000c34   0x00000020   Code   RO          177    i.SystemInit        system_tm4c129.o
    0x00000c54   0x00000030   Code   RO           20    i.TestButton        lab5.o
    0x00000c84   0x00000320   Code   RO           21    i.main              lab5.o
    0x00000fa4   0x0000002c   Code   RO          269    locale$$code        c_w.l(lc_ctype_c.o)
    0x00000fd0   0x0000000a   Code   RO          337    x$fpl$fpinit        fz_wm.l(fpinit.o)
    0x00000fda   0x00000002   PAD
    0x00000fdc   0x00000020   Data   RO          404    Region$$Table       anon$$obj.o
    0x00000ffc   0x00000110   Data   RO          268    locale$$data        c_w.l(lc_ctype_c.o)


    Execution Region ER_RW (Base: 0x20000000, Size: 0x0000001c, Max: 0xffffffff, ABSOLUTE)

    Base Addr    Size         Type   Attr      Idx    E Section Name        Object

    0x20000000   0x00000018   Data   RW           23    .data               lab5.o
    0x20000018   0x00000004   Data   RW          178    .data               system_tm4c129.o


    Execution Region ER_ZI (Base: 0x2000001c, Size: 0x0000026c, Max: 0xffffffff, ABSOLUTE)

    Base Addr    Size         Type   Attr      Idx    E Section Name        Object

    0x2000001c   0x0000000c   Zero   RW           22    .bss                lab5.o
    0x20000028   0x00000060   Zero   RW          236    .bss                c_w.l(libspace.o)
    0x20000088   0x00000000   Zero   RW          167    HEAP                startup_tm4c129.o
    0x20000088   0x00000200   Zero   RW          166    STACK               startup_tm4c129.o


==============================================================================

Image component sizes


      Code (inc. data)   RO Data    RW Data    ZI Data      Debug   Object Name

      2134        308          0         24         12      69977   lab5.o
       300         22        512          0        512       6056   startup_tm4c129.o
        48         20          0          4          0       1363   system_tm4c129.o

    ----------------------------------------------------------------------
      2488        350        544         28        524      77396   Object Totals
         0          0         32          0          0          0   (incl. Generated)
         6          0          0          0          0          0   (incl. Padding)

    ----------------------------------------------------------------------

      Code (inc. data)   RO Data    RW Data    ZI Data      Debug   Library Member Name

         8          0          0          0          0         68   __main.o
         0          0          0          0          0          0   __rtentry.o
        12          0          0          0          0          0   __rtentry2.o
         6          0          0          0          0          0   __rtentry4.o
        52          8          0          0          0          0   __scatter.o
        26          0          0          0          0          0   __scatter_copy.o
        28          0          0          0          0          0   __scatter_zi.o
        28          0          0          0          0         68   _chval.o
       158          0          0          0          0         92   _strtoul.o
        16          0          0          0          0         68   aeabi_memset.o
        26          0          0          0          0         80   atoi.o
        12          0          0          0          0         72   exit.o
         6          0          0          0          0        152   heapauxi.o
         0          0          0          0          0          0   indicate_semi.o
        44         10        272          0          0         76   lc_ctype_c.o
         2          0          0          0          0          0   libinit.o
        24          0          0          0          0          0   libinit2.o
         2          0          0          0          0          0   libshutdown.o
         2          0          0          0          0          0   libshutdown2.o
         8          4          0          0         96         68   libspace.o
        16          4          0          0          0         76   rt_ctype_table.o
         8          4          0          0          0         68   rt_errno_addr_intlibspace.o
         8          4          0          0          0         68   rt_locale_intlibspace.o
        68          0          0          0          0         68   rt_memclr.o
        78          0          0          0          0         80   rt_memclr_w.o
         2          0          0          0          0          0   rtexit.o
        10          0          0          0          0          0   rtexit2.o
       128          0          0          0          0         68   strcmpv7m.o
        62          0          0          0          0         76   strlen.o
       112          0          0          0          0         88   strtol.o
        12          4          0          0          0         68   sys_exit.o
        74          0          0          0          0         80   sys_stackheap_outer.o
         2          0          0          0          0         68   use_no_semi.o
        10          0          0          0          0        116   fpinit.o

    ----------------------------------------------------------------------
      1060         38        272          0         96       1668   Library Totals
        10          0          0          0          0          0   (incl. Padding)

    ----------------------------------------------------------------------

      Code (inc. data)   RO Data    RW Data    ZI Data      Debug   Library Name

      1040         38        272          0         96       1552   c_w.l
        10          0          0          0          0        116   fz_wm.l

    ----------------------------------------------------------------------
      1060         38        272          0         96       1668   Library Totals

    ----------------------------------------------------------------------

==============================================================================


      Code (inc. data)   RO Data    RW Data    ZI Data      Debug   

      3548        388        816         28        620      76632   Grand Totals
      3548        388        816         28        620      76632   ELF Image Totals
      3548        388        816         28          0          0   ROM Totals

==============================================================================

    Total RO  Size (Code + RO Data)                 4364 (   4.26kB)
    Total RW  Size (RW Data + ZI Data)               648 (   0.63kB)
    Total ROM Size (Code + RO Data + RW Data)       4392 (   4.29kB)

==============================================================================

