Component: ARM Compiler 5.05 update 1 (build 106) Tool: armlink [4d0efa]

==============================================================================

Section Cross References

    retarget.o(i._sys_exit) refers (Special) to use_no_semi.o(.text) for __use_no_semihosting_swi
    retarget.o(i._ttywrch) refers (Special) to use_no_semi.o(.text) for __use_no_semihosting_swi
    retarget.o(i._ttywrch) refers to lab4.o(i.SER_PutChar) for SER_PutChar
    retarget.o(i.ferror) refers (Special) to use_no_semi.o(.text) for __use_no_semihosting_swi
    retarget.o(i.fgetc) refers (Special) to use_no_semi.o(.text) for __use_no_semihosting_swi
    retarget.o(i.fgetc) refers to lab4.o(i.SER_GetChar) for SER_GetChar
    retarget.o(i.fputc) refers (Special) to use_no_semi.o(.text) for __use_no_semihosting_swi
    retarget.o(i.fputc) refers to lab4.o(i.SER_PutChar) for SER_PutChar
    retarget.o(.data) refers (Special) to use_no_semi.o(.text) for __use_no_semihosting_swi
    lab4.o(i.SysTick_Handler) refers to lab4.o(.data) for TimerUpCnt
    lab4.o(i.UART0_Handler) refers to lab4.o(.data) for SerialData
    lab4.o(i.main) refers to _printf_percent.o(.ARM.Collect$$_printf_percent$$00000000) for _printf_percent
    lab4.o(i.main) refers to _printf_d.o(.ARM.Collect$$_printf_percent$$00000009) for _printf_d
    lab4.o(i.main) refers to _printf_dec.o(.text) for _printf_int_dec
    lab4.o(i.main) refers to system_tm4c129.o(i.SystemCoreClockUpdate) for SystemCoreClockUpdate
    lab4.o(i.main) refers to lab4.o(i.SER_Initialize) for SER_Initialize
    lab4.o(i.main) refers to noretval__2printf.o(.text) for __2printf
    lab4.o(i.main) refers to system_tm4c129.o(.data) for SystemCoreClock
    lab4.o(i.main) refers to lab4.o(.data) for SerialData
    startup_tm4c129.o(STACK) refers (Special) to heapauxi.o(.text) for __use_two_region_memory
    startup_tm4c129.o(HEAP) refers (Special) to heapauxi.o(.text) for __use_two_region_memory
    startup_tm4c129.o(RESET) refers (Special) to heapauxi.o(.text) for __use_two_region_memory
    startup_tm4c129.o(RESET) refers to startup_tm4c129.o(STACK) for __initial_sp
    startup_tm4c129.o(RESET) refers to startup_tm4c129.o(.text) for Reset_Handler
    startup_tm4c129.o(RESET) refers to lab4.o(i.SysTick_Handler) for SysTick_Handler
    startup_tm4c129.o(RESET) refers to lab4.o(i.UART0_Handler) for UART0_Handler
    startup_tm4c129.o(.text) refers (Special) to heapauxi.o(.text) for __use_two_region_memory
    startup_tm4c129.o(.text) refers to system_tm4c129.o(i.SystemInit) for SystemInit
    startup_tm4c129.o(.text) refers to __main.o(!!!main) for __main
    startup_tm4c129.o(.text) refers to startup_tm4c129.o(HEAP) for Heap_Mem
    startup_tm4c129.o(.text) refers to startup_tm4c129.o(STACK) for Stack_Mem
    system_tm4c129.o(i.SystemCoreClockUpdate) refers to system_tm4c129.o(.data) for SystemCoreClock
    system_tm4c129.o(i.SystemInit) refers to system_tm4c129.o(.data) for SystemCoreClock
    __2printf.o(.text) refers to _printf_char_file.o(.text) for _printf_char_file
    __2printf.o(.text) refers to retarget.o(.data) for __stdout
    noretval__2printf.o(.text) refers to _printf_char_file.o(.text) for _printf_char_file
    noretval__2printf.o(.text) refers to retarget.o(.data) for __stdout
    __printf.o(.text) refers to _printf_percent.o(.ARM.Collect$$_printf_percent$$00000000) for _printf_percent
    _printf_dec.o(.text) refers to _printf_intcommon.o(.text) for _printf_int_common
    __printf_flags.o(.text) refers to _printf_percent.o(.ARM.Collect$$_printf_percent$$00000000) for _printf_percent
    __printf_flags.o(.text) refers to __printf_flags.o(.constdata) for .constdata
    __printf_ss.o(.text) refers to _printf_percent.o(.ARM.Collect$$_printf_percent$$00000000) for _printf_percent
    __printf_flags_ss.o(.text) refers to _printf_percent.o(.ARM.Collect$$_printf_percent$$00000000) for _printf_percent
    __printf_flags_ss.o(.text) refers to __printf_flags_ss.o(.constdata) for .constdata
    __printf_wp.o(.text) refers to __printf_wp.o(i._is_digit) for _is_digit
    __printf_wp.o(.text) refers to _printf_percent.o(.ARM.Collect$$_printf_percent$$00000000) for _printf_percent
    __printf_flags_wp.o(.text) refers to __printf_wp.o(i._is_digit) for _is_digit
    __printf_flags_wp.o(.text) refers to _printf_percent.o(.ARM.Collect$$_printf_percent$$00000000) for _printf_percent
    __printf_flags_wp.o(.text) refers to __printf_flags_wp.o(.constdata) for .constdata
    __printf_ss_wp.o(.text) refers to __printf_wp.o(i._is_digit) for _is_digit
    __printf_ss_wp.o(.text) refers to _printf_percent.o(.ARM.Collect$$_printf_percent$$00000000) for _printf_percent
    __printf_flags_ss_wp.o(.text) refers to __printf_wp.o(i._is_digit) for _is_digit
    __printf_flags_ss_wp.o(.text) refers to _printf_percent.o(.ARM.Collect$$_printf_percent$$00000000) for _printf_percent
    __printf_flags_ss_wp.o(.text) refers to __printf_flags_ss_wp.o(.constdata) for .constdata
    _printf_d.o(.ARM.Collect$$_printf_percent$$00000009) refers (Weak) to _printf_dec.o(.text) for _printf_int_dec
    _printf_percent.o(.ARM.Collect$$_printf_percent$$00000000) refers (Special) to _printf_percent_end.o(.ARM.Collect$$_printf_percent$$00000017) for _printf_percent_end
    __main.o(!!!main) refers to __rtentry.o(.ARM.Collect$$rtentry$$00000000) for __rt_entry
    __rtentry.o(.ARM.Collect$$rtentry$$00000000) refers (Special) to __rtentry2.o(.ARM.Collect$$rtentry$$0000000A) for __rt_entry_li
    __rtentry.o(.ARM.Collect$$rtentry$$00000000) refers (Special) to __rtentry2.o(.ARM.Collect$$rtentry$$0000000D) for __rt_entry_main
    __rtentry.o(.ARM.Collect$$rtentry$$00000000) refers (Special) to __rtentry2.o(.ARM.Collect$$rtentry$$0000000C) for __rt_entry_postli_1
    __rtentry.o(.ARM.Collect$$rtentry$$00000000) refers (Special) to __rtentry2.o(.ARM.Collect$$rtentry$$00000009) for __rt_entry_postsh_1
    __rtentry.o(.ARM.Collect$$rtentry$$00000000) refers (Special) to __rtentry2.o(.ARM.Collect$$rtentry$$00000002) for __rt_entry_presh_1
    __rtentry.o(.ARM.Collect$$rtentry$$00000000) refers (Special) to __rtentry4.o(.ARM.Collect$$rtentry$$00000004) for __rt_entry_sh
    _printf_char_file.o(.text) refers to _printf_char_common.o(.text) for _printf_char_common
    _printf_char_file.o(.text) refers to retarget.o(i.ferror) for ferror
    _printf_char_file.o(.text) refers to retarget.o(i.fputc) for fputc
    __rtentry2.o(.ARM.Collect$$rtentry$$00000008) refers to boardinit2.o(.text) for _platform_post_stackheap_init
    __rtentry2.o(.ARM.Collect$$rtentry$$0000000A) refers to libinit.o(.ARM.Collect$$libinit$$00000000) for __rt_lib_init
    __rtentry2.o(.ARM.Collect$$rtentry$$0000000B) refers to boardinit3.o(.text) for _platform_post_lib_init
    __rtentry2.o(.ARM.Collect$$rtentry$$0000000D) refers to lab4.o(i.main) for main
    __rtentry2.o(.ARM.Collect$$rtentry$$0000000D) refers to exit.o(.text) for exit
    __rtentry2.o(.ARM.exidx) refers to __rtentry2.o(.ARM.Collect$$rtentry$$00000001) for .ARM.Collect$$rtentry$$00000001
    __rtentry2.o(.ARM.exidx) refers to __rtentry2.o(.ARM.Collect$$rtentry$$00000008) for .ARM.Collect$$rtentry$$00000008
    __rtentry2.o(.ARM.exidx) refers to __rtentry2.o(.ARM.Collect$$rtentry$$0000000A) for .ARM.Collect$$rtentry$$0000000A
    __rtentry2.o(.ARM.exidx) refers to __rtentry2.o(.ARM.Collect$$rtentry$$0000000B) for .ARM.Collect$$rtentry$$0000000B
    __rtentry2.o(.ARM.exidx) refers to __rtentry2.o(.ARM.Collect$$rtentry$$0000000D) for .ARM.Collect$$rtentry$$0000000D
    __rtentry4.o(.ARM.Collect$$rtentry$$00000004) refers to sys_stackheap_outer.o(.text) for __user_setup_stackheap
    __rtentry4.o(.ARM.exidx) refers to __rtentry4.o(.ARM.Collect$$rtentry$$00000004) for .ARM.Collect$$rtentry$$00000004
    _printf_char_common.o(.text) refers to __printf.o(.text) for __printf
    sys_stackheap_outer.o(.text) refers to libspace.o(.text) for __user_perproc_libspace
    sys_stackheap_outer.o(.text) refers to startup_tm4c129.o(.text) for __user_initial_stackheap
    exit.o(.text) refers to rtexit.o(.ARM.Collect$$rtexit$$00000000) for __rt_exit
    libinit.o(.ARM.Collect$$libinit$$00000000) refers (Special) to libinit2.o(.ARM.Collect$$libinit$$0000002E) for __rt_lib_init_alloca_1
    libinit.o(.ARM.Collect$$libinit$$00000000) refers (Special) to libinit2.o(.ARM.Collect$$libinit$$0000002C) for __rt_lib_init_argv_1
    libinit.o(.ARM.Collect$$libinit$$00000000) refers (Special) to libinit2.o(.ARM.Collect$$libinit$$0000001B) for __rt_lib_init_atexit_1
    libinit.o(.ARM.Collect$$libinit$$00000000) refers (Special) to libinit2.o(.ARM.Collect$$libinit$$00000021) for __rt_lib_init_clock_1
    libinit.o(.ARM.Collect$$libinit$$00000000) refers (Special) to libinit2.o(.ARM.Collect$$libinit$$00000032) for __rt_lib_init_cpp_1
    libinit.o(.ARM.Collect$$libinit$$00000000) refers (Special) to libinit2.o(.ARM.Collect$$libinit$$00000030) for __rt_lib_init_exceptions_1
    libinit.o(.ARM.Collect$$libinit$$00000000) refers (Special) to libinit2.o(.ARM.Collect$$libinit$$00000001) for __rt_lib_init_fp_1
    libinit.o(.ARM.Collect$$libinit$$00000000) refers (Special) to libinit2.o(.ARM.Collect$$libinit$$0000001F) for __rt_lib_init_fp_trap_1
    libinit.o(.ARM.Collect$$libinit$$00000000) refers (Special) to libinit2.o(.ARM.Collect$$libinit$$00000023) for __rt_lib_init_getenv_1
    libinit.o(.ARM.Collect$$libinit$$00000000) refers (Special) to libinit2.o(.ARM.Collect$$libinit$$0000000A) for __rt_lib_init_heap_1
    libinit.o(.ARM.Collect$$libinit$$00000000) refers (Special) to libinit2.o(.ARM.Collect$$libinit$$00000011) for __rt_lib_init_lc_collate_1
    libinit.o(.ARM.Collect$$libinit$$00000000) refers (Special) to libinit2.o(.ARM.Collect$$libinit$$00000013) for __rt_lib_init_lc_ctype_1
    libinit.o(.ARM.Collect$$libinit$$00000000) refers (Special) to libinit2.o(.ARM.Collect$$libinit$$00000015) for __rt_lib_init_lc_monetary_1
    libinit.o(.ARM.Collect$$libinit$$00000000) refers (Special) to libinit2.o(.ARM.Collect$$libinit$$00000017) for __rt_lib_init_lc_numeric_1
    libinit.o(.ARM.Collect$$libinit$$00000000) refers (Special) to libinit2.o(.ARM.Collect$$libinit$$00000019) for __rt_lib_init_lc_time_1
    libinit.o(.ARM.Collect$$libinit$$00000000) refers (Special) to libinit2.o(.ARM.Collect$$libinit$$00000004) for __rt_lib_init_preinit_1
    libinit.o(.ARM.Collect$$libinit$$00000000) refers (Special) to libinit2.o(.ARM.Collect$$libinit$$0000000E) for __rt_lib_init_rand_1
    libinit.o(.ARM.Collect$$libinit$$00000000) refers (Special) to libinit2.o(.ARM.Collect$$libinit$$00000033) for __rt_lib_init_return
    libinit.o(.ARM.Collect$$libinit$$00000000) refers (Special) to libinit2.o(.ARM.Collect$$libinit$$0000001D) for __rt_lib_init_signal_1
    libinit.o(.ARM.Collect$$libinit$$00000000) refers (Special) to libinit2.o(.ARM.Collect$$libinit$$00000025) for __rt_lib_init_stdio_1
    libinit.o(.ARM.Collect$$libinit$$00000000) refers (Special) to libinit2.o(.ARM.Collect$$libinit$$0000000C) for __rt_lib_init_user_alloc_1
    libspace.o(.text) refers to libspace.o(.bss) for __libspace_start
    rtexit.o(.ARM.Collect$$rtexit$$00000000) refers (Special) to rtexit2.o(.ARM.Collect$$rtexit$$00000004) for __rt_exit_exit
    rtexit.o(.ARM.Collect$$rtexit$$00000000) refers (Special) to rtexit2.o(.ARM.Collect$$rtexit$$00000003) for __rt_exit_ls
    rtexit.o(.ARM.Collect$$rtexit$$00000000) refers (Special) to rtexit2.o(.ARM.Collect$$rtexit$$00000002) for __rt_exit_prels_1
    rtexit.o(.ARM.exidx) refers (Special) to rtexit2.o(.ARM.Collect$$rtexit$$00000004) for __rt_exit_exit
    rtexit.o(.ARM.exidx) refers (Special) to rtexit2.o(.ARM.Collect$$rtexit$$00000003) for __rt_exit_ls
    rtexit.o(.ARM.exidx) refers (Special) to rtexit2.o(.ARM.Collect$$rtexit$$00000002) for __rt_exit_prels_1
    rtexit.o(.ARM.exidx) refers to rtexit.o(.ARM.Collect$$rtexit$$00000000) for .ARM.Collect$$rtexit$$00000000
    libinit2.o(.ARM.Collect$$libinit$$00000001) refers to fpinit.o(x$fpl$fpinit) for _fp_init
    libinit2.o(.ARM.Collect$$libinit$$00000010) refers to libinit2.o(.ARM.Collect$$libinit$$0000000F) for .ARM.Collect$$libinit$$0000000F
    libinit2.o(.ARM.Collect$$libinit$$00000012) refers to libinit2.o(.ARM.Collect$$libinit$$0000000F) for .ARM.Collect$$libinit$$0000000F
    libinit2.o(.ARM.Collect$$libinit$$00000014) refers to libinit2.o(.ARM.Collect$$libinit$$0000000F) for .ARM.Collect$$libinit$$0000000F
    libinit2.o(.ARM.Collect$$libinit$$00000016) refers to libinit2.o(.ARM.Collect$$libinit$$0000000F) for .ARM.Collect$$libinit$$0000000F
    libinit2.o(.ARM.Collect$$libinit$$00000018) refers to libinit2.o(.ARM.Collect$$libinit$$0000000F) for .ARM.Collect$$libinit$$0000000F
    libinit2.o(.ARM.Collect$$libinit$$00000026) refers to argv_veneer.o(.emb_text) for __ARM_argv_veneer
    libinit2.o(.ARM.Collect$$libinit$$00000027) refers to argv_veneer.o(.emb_text) for __ARM_argv_veneer
    rtexit2.o(.ARM.Collect$$rtexit$$00000003) refers to libshutdown.o(.ARM.Collect$$libshutdown$$00000000) for __rt_lib_shutdown
    rtexit2.o(.ARM.Collect$$rtexit$$00000004) refers to retarget.o(i._sys_exit) for _sys_exit
    rtexit2.o(.ARM.exidx) refers to rtexit2.o(.ARM.Collect$$rtexit$$00000001) for .ARM.Collect$$rtexit$$00000001
    rtexit2.o(.ARM.exidx) refers to rtexit2.o(.ARM.Collect$$rtexit$$00000003) for .ARM.Collect$$rtexit$$00000003
    rtexit2.o(.ARM.exidx) refers to rtexit2.o(.ARM.Collect$$rtexit$$00000004) for .ARM.Collect$$rtexit$$00000004
    argv_veneer.o(.emb_text) refers to no_argv.o(.text) for __ARM_get_argv
    _get_argv_nomalloc.o(.text) refers (Special) to hrguard.o(.text) for __heap_region$guard
    _get_argv_nomalloc.o(.text) refers to defsig_rtmem_outer.o(.text) for __rt_SIGRTMEM
    _get_argv_nomalloc.o(.text) refers to sys_command.o(.text) for _sys_command_string
    libshutdown.o(.ARM.Collect$$libshutdown$$00000000) refers (Special) to libshutdown2.o(.ARM.Collect$$libshutdown$$00000006) for __rt_lib_shutdown_fp_trap_1
    libshutdown.o(.ARM.Collect$$libshutdown$$00000000) refers (Special) to libshutdown2.o(.ARM.Collect$$libshutdown$$0000000E) for __rt_lib_shutdown_heap_1
    libshutdown.o(.ARM.Collect$$libshutdown$$00000000) refers (Special) to libshutdown2.o(.ARM.Collect$$libshutdown$$0000000F) for __rt_lib_shutdown_return
    libshutdown.o(.ARM.Collect$$libshutdown$$00000000) refers (Special) to libshutdown2.o(.ARM.Collect$$libshutdown$$00000009) for __rt_lib_shutdown_signal_1
    libshutdown.o(.ARM.Collect$$libshutdown$$00000000) refers (Special) to libshutdown2.o(.ARM.Collect$$libshutdown$$00000003) for __rt_lib_shutdown_stdio_1
    libshutdown.o(.ARM.Collect$$libshutdown$$00000000) refers (Special) to libshutdown2.o(.ARM.Collect$$libshutdown$$0000000B) for __rt_lib_shutdown_user_alloc_1
    sys_command.o(.text) refers (Special) to use_no_semi.o(.text) for __I$use$semihosting
    sys_command.o(.text) refers (Special) to indicate_semi.o(.text) for __semihosting_library_function
    defsig_rtmem_outer.o(.text) refers to defsig_rtmem_inner.o(.text) for __rt_SIGRTMEM_inner
    defsig_rtmem_outer.o(.text) refers to defsig_exit.o(.text) for __sig_exit
    defsig_rtmem_formal.o(.text) refers to rt_raise.o(.text) for __rt_raise
    rt_raise.o(.text) refers to __raise.o(.text) for __raise
    rt_raise.o(.text) refers to retarget.o(i._sys_exit) for _sys_exit
    defsig_exit.o(.text) refers to retarget.o(i._sys_exit) for _sys_exit
    defsig_rtmem_inner.o(.text) refers to defsig_general.o(.text) for __default_signal_display
    __raise.o(.text) refers to defsig.o(CL$$defsig) for __default_signal_handler
    defsig_general.o(.text) refers to retarget.o(i._ttywrch) for _ttywrch
    defsig.o(CL$$defsig) refers to defsig_rtmem_inner.o(.text) for __rt_SIGRTMEM_inner
    defsig_abrt_inner.o(.text) refers to defsig_general.o(.text) for __default_signal_display
    defsig_fpe_inner.o(.text) refers to defsig_general.o(.text) for __default_signal_display
    defsig_rtred_inner.o(.text) refers to defsig_general.o(.text) for __default_signal_display
    defsig_stak_inner.o(.text) refers to defsig_general.o(.text) for __default_signal_display
    defsig_pvfn_inner.o(.text) refers to defsig_general.o(.text) for __default_signal_display
    defsig_cppl_inner.o(.text) refers to defsig_general.o(.text) for __default_signal_display
    defsig_segv_inner.o(.text) refers to defsig_general.o(.text) for __default_signal_display
    defsig_other.o(.text) refers to defsig_general.o(.text) for __default_signal_display


==============================================================================

Removing Unused input sections from the image.

    Removing retarget.o(i._ttywrch), (12 bytes).
    Removing retarget.o(i.fgetc), (10 bytes).
    Removing lab4.o(.rev16_text), (4 bytes).
    Removing lab4.o(.revsh_text), (4 bytes).
    Removing lab4.o(.rrx_text), (6 bytes).
    Removing lab4.o(i.SER_GetChar), (12 bytes).
    Removing system_tm4c129.o(.rev16_text), (4 bytes).
    Removing system_tm4c129.o(.revsh_text), (4 bytes).
    Removing system_tm4c129.o(.rrx_text), (6 bytes).

9 unused section(s) (total 62 bytes) removed from the image.

==============================================================================

Image Symbol Table

    Local Symbols

    Symbol Name                              Value     Ov Type        Size  Object(Section)

    RESET                                    0x00000000   Section      512  startup_tm4c129.o(RESET)
    ../clib/angel/boardlib.s                 0x00000000   Number         0  boardinit1.o ABSOLUTE
    ../clib/angel/boardlib.s                 0x00000000   Number         0  boardinit3.o ABSOLUTE
    ../clib/angel/boardlib.s                 0x00000000   Number         0  boardinit2.o ABSOLUTE
    ../clib/angel/boardlib.s                 0x00000000   Number         0  boardshut.o ABSOLUTE
    ../clib/angel/handlers.s                 0x00000000   Number         0  __scatter_copy.o ABSOLUTE
    ../clib/angel/handlers.s                 0x00000000   Number         0  __scatter_zi.o ABSOLUTE
    ../clib/angel/kernel.s                   0x00000000   Number         0  __rtentry.o ABSOLUTE
    ../clib/angel/kernel.s                   0x00000000   Number         0  rtexit2.o ABSOLUTE
    ../clib/angel/kernel.s                   0x00000000   Number         0  __rtentry2.o ABSOLUTE
    ../clib/angel/kernel.s                   0x00000000   Number         0  rtexit.o ABSOLUTE
    ../clib/angel/kernel.s                   0x00000000   Number         0  __rtentry4.o ABSOLUTE
    ../clib/angel/rt.s                       0x00000000   Number         0  rt_raise.o ABSOLUTE
    ../clib/angel/scatter.s                  0x00000000   Number         0  __scatter.o ABSOLUTE
    ../clib/angel/startup.s                  0x00000000   Number         0  __main.o ABSOLUTE
    ../clib/angel/sys.s                      0x00000000   Number         0  indicate_semi.o ABSOLUTE
    ../clib/angel/sys.s                      0x00000000   Number         0  libspace.o ABSOLUTE
    ../clib/angel/sys.s                      0x00000000   Number         0  sys_stackheap_outer.o ABSOLUTE
    ../clib/angel/sys.s                      0x00000000   Number         0  use_no_semi.o ABSOLUTE
    ../clib/angel/sysapp.c                   0x00000000   Number         0  sys_command.o ABSOLUTE
    ../clib/armsys.c                         0x00000000   Number         0  no_argv.o ABSOLUTE
    ../clib/armsys.c                         0x00000000   Number         0  argv_veneer.o ABSOLUTE
    ../clib/armsys.c                         0x00000000   Number         0  _get_argv_nomalloc.o ABSOLUTE
    ../clib/armsys.c                         0x00000000   Number         0  argv_veneer.o ABSOLUTE
    ../clib/heapalloc.c                      0x00000000   Number         0  hrguard.o ABSOLUTE
    ../clib/heapaux.c                        0x00000000   Number         0  heapauxi.o ABSOLUTE
    ../clib/libinit.s                        0x00000000   Number         0  libshutdown.o ABSOLUTE
    ../clib/libinit.s                        0x00000000   Number         0  libinit2.o ABSOLUTE
    ../clib/libinit.s                        0x00000000   Number         0  libshutdown2.o ABSOLUTE
    ../clib/libinit.s                        0x00000000   Number         0  libinit.o ABSOLUTE
    ../clib/printf.c                         0x00000000   Number         0  _printf_char_common.o ABSOLUTE
    ../clib/printf.c                         0x00000000   Number         0  __printf_ss.o ABSOLUTE
    ../clib/printf.c                         0x00000000   Number         0  _printf_char_file.o ABSOLUTE
    ../clib/printf.c                         0x00000000   Number         0  _printf_intcommon.o ABSOLUTE
    ../clib/printf.c                         0x00000000   Number         0  __2printf.o ABSOLUTE
    ../clib/printf.c                         0x00000000   Number         0  noretval__2printf.o ABSOLUTE
    ../clib/printf.c                         0x00000000   Number         0  __printf.o ABSOLUTE
    ../clib/printf.c                         0x00000000   Number         0  _printf_dec.o ABSOLUTE
    ../clib/printf.c                         0x00000000   Number         0  __printf_flags.o ABSOLUTE
    ../clib/printf.c                         0x00000000   Number         0  __printf_nopercent.o ABSOLUTE
    ../clib/printf.c                         0x00000000   Number         0  __printf_wp.o ABSOLUTE
    ../clib/printf.c                         0x00000000   Number         0  __printf_flags_wp.o ABSOLUTE
    ../clib/printf.c                         0x00000000   Number         0  __printf_ss_wp.o ABSOLUTE
    ../clib/printf.c                         0x00000000   Number         0  __printf_flags_ss_wp.o ABSOLUTE
    ../clib/printf.c                         0x00000000   Number         0  __printf_flags_ss.o ABSOLUTE
    ../clib/printf_percent.s                 0x00000000   Number         0  _printf_d.o ABSOLUTE
    ../clib/printf_percent.s                 0x00000000   Number         0  _printf_percent.o ABSOLUTE
    ../clib/printf_percent.s                 0x00000000   Number         0  _printf_percent_end.o ABSOLUTE
    ../clib/signal.c                         0x00000000   Number         0  defsig_other.o ABSOLUTE
    ../clib/signal.c                         0x00000000   Number         0  defsig_rtmem_outer.o ABSOLUTE
    ../clib/signal.c                         0x00000000   Number         0  defsig_rtmem_formal.o ABSOLUTE
    ../clib/signal.c                         0x00000000   Number         0  defsig_segv_inner.o ABSOLUTE
    ../clib/signal.c                         0x00000000   Number         0  defsig_cppl_inner.o ABSOLUTE
    ../clib/signal.c                         0x00000000   Number         0  defsig_pvfn_inner.o ABSOLUTE
    ../clib/signal.c                         0x00000000   Number         0  defsig_stak_inner.o ABSOLUTE
    ../clib/signal.c                         0x00000000   Number         0  defsig_rtred_inner.o ABSOLUTE
    ../clib/signal.c                         0x00000000   Number         0  defsig_abrt_inner.o ABSOLUTE
    ../clib/signal.c                         0x00000000   Number         0  defsig_fpe_inner.o ABSOLUTE
    ../clib/signal.c                         0x00000000   Number         0  defsig_general.o ABSOLUTE
    ../clib/signal.c                         0x00000000   Number         0  __raise.o ABSOLUTE
    ../clib/signal.c                         0x00000000   Number         0  defsig_rtmem_inner.o ABSOLUTE
    ../clib/signal.c                         0x00000000   Number         0  defsig_exit.o ABSOLUTE
    ../clib/signal.s                         0x00000000   Number         0  defsig.o ABSOLUTE
    ../clib/stdlib.c                         0x00000000   Number         0  exit.o ABSOLUTE
    ../fplib/fpinit.s                        0x00000000   Number         0  fpinit.o ABSOLUTE
    Lab4.c                                   0x00000000   Number         0  lab4.o ABSOLUTE
    Lab4.c                                   0x00000000   Number         0  lab4.o ABSOLUTE
    RTE\Device\TM4C1294NCPDT\startup_TM4C129.s 0x00000000   Number         0  startup_tm4c129.o ABSOLUTE
    RTE\Device\TM4C1294NCPDT\system_tm4c129.c 0x00000000   Number         0  system_tm4c129.o ABSOLUTE
    RTE\\Device\\TM4C1294NCPDT\\system_tm4c129.c 0x00000000   Number         0  system_tm4c129.o ABSOLUTE
    Retarget.c                               0x00000000   Number         0  retarget.o ABSOLUTE
    dc.s                                     0x00000000   Number         0  dc.o ABSOLUTE
    !!!main                                  0x00000200   Section        8  __main.o(!!!main)
    !!!scatter                               0x00000208   Section       52  __scatter.o(!!!scatter)
    !!handler_copy                           0x0000023c   Section       26  __scatter_copy.o(!!handler_copy)
    !!handler_zi                             0x00000258   Section       28  __scatter_zi.o(!!handler_zi)
    .ARM.Collect$$_printf_percent$$00000000  0x00000274   Section        0  _printf_percent.o(.ARM.Collect$$_printf_percent$$00000000)
    .ARM.Collect$$_printf_percent$$00000009  0x00000274   Section        6  _printf_d.o(.ARM.Collect$$_printf_percent$$00000009)
    .ARM.Collect$$_printf_percent$$00000017  0x0000027a   Section        4  _printf_percent_end.o(.ARM.Collect$$_printf_percent$$00000017)
    .ARM.Collect$$libinit$$00000000          0x0000027e   Section        2  libinit.o(.ARM.Collect$$libinit$$00000000)
    .ARM.Collect$$libinit$$00000001          0x00000280   Section        4  libinit2.o(.ARM.Collect$$libinit$$00000001)
    .ARM.Collect$$libinit$$00000004          0x00000284   Section        0  libinit2.o(.ARM.Collect$$libinit$$00000004)
    .ARM.Collect$$libinit$$0000000A          0x00000284   Section        0  libinit2.o(.ARM.Collect$$libinit$$0000000A)
    .ARM.Collect$$libinit$$0000000C          0x00000284   Section        0  libinit2.o(.ARM.Collect$$libinit$$0000000C)
    .ARM.Collect$$libinit$$0000000E          0x00000284   Section        0  libinit2.o(.ARM.Collect$$libinit$$0000000E)
    .ARM.Collect$$libinit$$00000011          0x00000284   Section        0  libinit2.o(.ARM.Collect$$libinit$$00000011)
    .ARM.Collect$$libinit$$00000013          0x00000284   Section        0  libinit2.o(.ARM.Collect$$libinit$$00000013)
    .ARM.Collect$$libinit$$00000015          0x00000284   Section        0  libinit2.o(.ARM.Collect$$libinit$$00000015)
    .ARM.Collect$$libinit$$00000017          0x00000284   Section        0  libinit2.o(.ARM.Collect$$libinit$$00000017)
    .ARM.Collect$$libinit$$00000019          0x00000284   Section        0  libinit2.o(.ARM.Collect$$libinit$$00000019)
    .ARM.Collect$$libinit$$0000001B          0x00000284   Section        0  libinit2.o(.ARM.Collect$$libinit$$0000001B)
    .ARM.Collect$$libinit$$0000001D          0x00000284   Section        0  libinit2.o(.ARM.Collect$$libinit$$0000001D)
    .ARM.Collect$$libinit$$0000001F          0x00000284   Section        0  libinit2.o(.ARM.Collect$$libinit$$0000001F)
    .ARM.Collect$$libinit$$00000021          0x00000284   Section        0  libinit2.o(.ARM.Collect$$libinit$$00000021)
    .ARM.Collect$$libinit$$00000023          0x00000284   Section        0  libinit2.o(.ARM.Collect$$libinit$$00000023)
    .ARM.Collect$$libinit$$00000025          0x00000284   Section        0  libinit2.o(.ARM.Collect$$libinit$$00000025)
    .ARM.Collect$$libinit$$0000002C          0x00000284   Section        0  libinit2.o(.ARM.Collect$$libinit$$0000002C)
    .ARM.Collect$$libinit$$0000002E          0x00000284   Section        0  libinit2.o(.ARM.Collect$$libinit$$0000002E)
    .ARM.Collect$$libinit$$00000030          0x00000284   Section        0  libinit2.o(.ARM.Collect$$libinit$$00000030)
    .ARM.Collect$$libinit$$00000032          0x00000284   Section        0  libinit2.o(.ARM.Collect$$libinit$$00000032)
    .ARM.Collect$$libinit$$00000033          0x00000284   Section        2  libinit2.o(.ARM.Collect$$libinit$$00000033)
    .ARM.Collect$$libshutdown$$00000000      0x00000286   Section        2  libshutdown.o(.ARM.Collect$$libshutdown$$00000000)
    .ARM.Collect$$libshutdown$$00000003      0x00000288   Section        0  libshutdown2.o(.ARM.Collect$$libshutdown$$00000003)
    .ARM.Collect$$libshutdown$$00000006      0x00000288   Section        0  libshutdown2.o(.ARM.Collect$$libshutdown$$00000006)
    .ARM.Collect$$libshutdown$$00000009      0x00000288   Section        0  libshutdown2.o(.ARM.Collect$$libshutdown$$00000009)
    .ARM.Collect$$libshutdown$$0000000B      0x00000288   Section        0  libshutdown2.o(.ARM.Collect$$libshutdown$$0000000B)
    .ARM.Collect$$libshutdown$$0000000E      0x00000288   Section        0  libshutdown2.o(.ARM.Collect$$libshutdown$$0000000E)
    .ARM.Collect$$libshutdown$$0000000F      0x00000288   Section        2  libshutdown2.o(.ARM.Collect$$libshutdown$$0000000F)
    .ARM.Collect$$rtentry$$00000000          0x0000028a   Section        0  __rtentry.o(.ARM.Collect$$rtentry$$00000000)
    .ARM.Collect$$rtentry$$00000002          0x0000028a   Section        0  __rtentry2.o(.ARM.Collect$$rtentry$$00000002)
    .ARM.Collect$$rtentry$$00000004          0x0000028a   Section        6  __rtentry4.o(.ARM.Collect$$rtentry$$00000004)
    .ARM.Collect$$rtentry$$00000009          0x00000290   Section        0  __rtentry2.o(.ARM.Collect$$rtentry$$00000009)
    .ARM.Collect$$rtentry$$0000000A          0x00000290   Section        4  __rtentry2.o(.ARM.Collect$$rtentry$$0000000A)
    .ARM.Collect$$rtentry$$0000000C          0x00000294   Section        0  __rtentry2.o(.ARM.Collect$$rtentry$$0000000C)
    .ARM.Collect$$rtentry$$0000000D          0x00000294   Section        8  __rtentry2.o(.ARM.Collect$$rtentry$$0000000D)
    .ARM.Collect$$rtexit$$00000000           0x0000029c   Section        2  rtexit.o(.ARM.Collect$$rtexit$$00000000)
    .ARM.Collect$$rtexit$$00000002           0x0000029e   Section        0  rtexit2.o(.ARM.Collect$$rtexit$$00000002)
    .ARM.Collect$$rtexit$$00000003           0x0000029e   Section        4  rtexit2.o(.ARM.Collect$$rtexit$$00000003)
    .ARM.Collect$$rtexit$$00000004           0x000002a2   Section        6  rtexit2.o(.ARM.Collect$$rtexit$$00000004)
    .text                                    0x000002a8   Section      300  startup_tm4c129.o(.text)
    $v0                                      0x000002a8   Number         0  startup_tm4c129.o(.text)
    .text                                    0x000003d4   Section        2  use_no_semi.o(.text)
    .text                                    0x000003d8   Section        0  noretval__2printf.o(.text)
    .text                                    0x000003f0   Section        0  __printf.o(.text)
    .text                                    0x00000458   Section        0  _printf_dec.o(.text)
    .text                                    0x000004d0   Section        0  heapauxi.o(.text)
    .text                                    0x000004d6   Section        0  _printf_intcommon.o(.text)
    .text                                    0x00000588   Section        0  _printf_char_file.o(.text)
    .text                                    0x000005ac   Section        0  _printf_char_common.o(.text)
    _printf_input_char                       0x000005ad   Thumb Code    10  _printf_char_common.o(.text)
    .text                                    0x000005dc   Section       74  sys_stackheap_outer.o(.text)
    .text                                    0x00000626   Section        0  exit.o(.text)
    .text                                    0x00000634   Section        8  libspace.o(.text)
    i.SER_Initialize                         0x0000063c   Section        0  lab4.o(i.SER_Initialize)
    i.SER_PutChar                            0x00000714   Section        0  lab4.o(i.SER_PutChar)
    i.SysTick_Handler                        0x00000730   Section        0  lab4.o(i.SysTick_Handler)
    i.SystemCoreClockUpdate                  0x00000740   Section        0  system_tm4c129.o(i.SystemCoreClockUpdate)
    i.SystemInit                             0x00000750   Section        0  system_tm4c129.o(i.SystemInit)
    i.UART0_Handler                          0x00000770   Section        0  lab4.o(i.UART0_Handler)
    i._sys_exit                              0x00000798   Section        0  retarget.o(i._sys_exit)
    i.ferror                                 0x0000079c   Section        0  retarget.o(i.ferror)
    i.fputc                                  0x000007a4   Section        0  retarget.o(i.fputc)
    i.main                                   0x000007b4   Section        0  lab4.o(i.main)
    x$fpl$fpinit                             0x000008d8   Section       10  fpinit.o(x$fpl$fpinit)
    $v0                                      0x000008d8   Number         0  fpinit.o(x$fpl$fpinit)
    .data                                    0x20000000   Section        8  retarget.o(.data)
    .data                                    0x20000008   Section       13  lab4.o(.data)
    .data                                    0x20000018   Section        4  system_tm4c129.o(.data)
    .bss                                     0x2000001c   Section       96  libspace.o(.bss)
    HEAP                                     0x20000080   Section        0  startup_tm4c129.o(HEAP)
    STACK                                    0x20000080   Section      512  startup_tm4c129.o(STACK)
    Heap_Mem                                 0x20000080   Data           0  startup_tm4c129.o(HEAP)
    Stack_Mem                                0x20000080   Data         512  startup_tm4c129.o(STACK)
    __initial_sp                             0x20000280   Data           0  startup_tm4c129.o(STACK)

    Global Symbols

    Symbol Name                              Value     Ov Type        Size  Object(Section)

    BuildAttributes$$THM_ISAv4$E$P$D$K$B$S$7EM$VFPi3$EXTD16$VFPS$VFMA$PE$A:L22UL41UL21$X:L11$S22US41US21$IEEE1$IW$USESV6$~STKCKD$USESV7$~SHL$OSPACE$ROPI$EBA8$UX$STANDARDLIB$REQ8$PRES8$EABIv2 0x00000000   Number         0  anon$$obj.o ABSOLUTE
    __ARM_use_no_argv                        0x00000000   Number         0  lab4.o ABSOLUTE
    __Vectors                                0x00000000   Data           4  startup_tm4c129.o(RESET)
    __ARM_exceptions_init                     - Undefined Weak Reference
    __alloca_initialize                       - Undefined Weak Reference
    __arm_preinit_                            - Undefined Weak Reference
    __cpp_initialize__aeabi_                  - Undefined Weak Reference
    __cxa_finalize                            - Undefined Weak Reference
    __rt_locale                               - Undefined Weak Reference
    __sigvec_lookup                           - Undefined Weak Reference
    _atexit_init                              - Undefined Weak Reference
    _call_atexit_fns                          - Undefined Weak Reference
    _clock_init                               - Undefined Weak Reference
    _fp_trap_init                             - Undefined Weak Reference
    _fp_trap_shutdown                         - Undefined Weak Reference
    _get_lc_collate                           - Undefined Weak Reference
    _get_lc_ctype                             - Undefined Weak Reference
    _get_lc_monetary                          - Undefined Weak Reference
    _get_lc_numeric                           - Undefined Weak Reference
    _get_lc_time                              - Undefined Weak Reference
    _getenv_init                              - Undefined Weak Reference
    _handle_redirection                       - Undefined Weak Reference
    _init_alloc                               - Undefined Weak Reference
    _init_user_alloc                          - Undefined Weak Reference
    _initio                                   - Undefined Weak Reference
    _printf_post_padding                      - Undefined Weak Reference
    _printf_pre_padding                       - Undefined Weak Reference
    _printf_truncate_signed                   - Undefined Weak Reference
    _printf_truncate_unsigned                 - Undefined Weak Reference
    _rand_init                                - Undefined Weak Reference
    _signal_finish                            - Undefined Weak Reference
    _signal_init                              - Undefined Weak Reference
    _terminate_alloc                          - Undefined Weak Reference
    _terminate_user_alloc                     - Undefined Weak Reference
    _terminateio                              - Undefined Weak Reference
    __Vectors_End                            0x00000200   Data           0  startup_tm4c129.o(RESET)
    __Vectors_Size                           0x00000200   Number         0  startup_tm4c129.o ABSOLUTE
    __main                                   0x00000201   Thumb Code     8  __main.o(!!!main)
    __scatterload                            0x00000209   Thumb Code     0  __scatter.o(!!!scatter)
    __scatterload_rt2                        0x00000209   Thumb Code    44  __scatter.o(!!!scatter)
    __scatterload_rt2_thumb_only             0x00000209   Thumb Code     0  __scatter.o(!!!scatter)
    __scatterload_null                       0x00000217   Thumb Code     0  __scatter.o(!!!scatter)
    __scatterload_copy                       0x0000023d   Thumb Code    26  __scatter_copy.o(!!handler_copy)
    __scatterload_zeroinit                   0x00000259   Thumb Code    28  __scatter_zi.o(!!handler_zi)
    _printf_d                                0x00000275   Thumb Code     0  _printf_d.o(.ARM.Collect$$_printf_percent$$00000009)
    _printf_percent                          0x00000275   Thumb Code     0  _printf_percent.o(.ARM.Collect$$_printf_percent$$00000000)
    _printf_percent_end                      0x0000027b   Thumb Code     0  _printf_percent_end.o(.ARM.Collect$$_printf_percent$$00000017)
    __rt_lib_init                            0x0000027f   Thumb Code     0  libinit.o(.ARM.Collect$$libinit$$00000000)
    __rt_lib_init_fp_1                       0x00000281   Thumb Code     0  libinit2.o(.ARM.Collect$$libinit$$00000001)
    __rt_lib_init_alloca_1                   0x00000285   Thumb Code     0  libinit2.o(.ARM.Collect$$libinit$$0000002E)
    __rt_lib_init_argv_1                     0x00000285   Thumb Code     0  libinit2.o(.ARM.Collect$$libinit$$0000002C)
    __rt_lib_init_atexit_1                   0x00000285   Thumb Code     0  libinit2.o(.ARM.Collect$$libinit$$0000001B)
    __rt_lib_init_clock_1                    0x00000285   Thumb Code     0  libinit2.o(.ARM.Collect$$libinit$$00000021)
    __rt_lib_init_cpp_1                      0x00000285   Thumb Code     0  libinit2.o(.ARM.Collect$$libinit$$00000032)
    __rt_lib_init_exceptions_1               0x00000285   Thumb Code     0  libinit2.o(.ARM.Collect$$libinit$$00000030)
    __rt_lib_init_fp_trap_1                  0x00000285   Thumb Code     0  libinit2.o(.ARM.Collect$$libinit$$0000001F)
    __rt_lib_init_getenv_1                   0x00000285   Thumb Code     0  libinit2.o(.ARM.Collect$$libinit$$00000023)
    __rt_lib_init_heap_1                     0x00000285   Thumb Code     0  libinit2.o(.ARM.Collect$$libinit$$0000000A)
    __rt_lib_init_lc_collate_1               0x00000285   Thumb Code     0  libinit2.o(.ARM.Collect$$libinit$$00000011)
    __rt_lib_init_lc_ctype_1                 0x00000285   Thumb Code     0  libinit2.o(.ARM.Collect$$libinit$$00000013)
    __rt_lib_init_lc_monetary_1              0x00000285   Thumb Code     0  libinit2.o(.ARM.Collect$$libinit$$00000015)
    __rt_lib_init_lc_numeric_1               0x00000285   Thumb Code     0  libinit2.o(.ARM.Collect$$libinit$$00000017)
    __rt_lib_init_lc_time_1                  0x00000285   Thumb Code     0  libinit2.o(.ARM.Collect$$libinit$$00000019)
    __rt_lib_init_preinit_1                  0x00000285   Thumb Code     0  libinit2.o(.ARM.Collect$$libinit$$00000004)
    __rt_lib_init_rand_1                     0x00000285   Thumb Code     0  libinit2.o(.ARM.Collect$$libinit$$0000000E)
    __rt_lib_init_return                     0x00000285   Thumb Code     0  libinit2.o(.ARM.Collect$$libinit$$00000033)
    __rt_lib_init_signal_1                   0x00000285   Thumb Code     0  libinit2.o(.ARM.Collect$$libinit$$0000001D)
    __rt_lib_init_stdio_1                    0x00000285   Thumb Code     0  libinit2.o(.ARM.Collect$$libinit$$00000025)
    __rt_lib_init_user_alloc_1               0x00000285   Thumb Code     0  libinit2.o(.ARM.Collect$$libinit$$0000000C)
    __rt_lib_shutdown                        0x00000287   Thumb Code     0  libshutdown.o(.ARM.Collect$$libshutdown$$00000000)
    __rt_lib_shutdown_fp_trap_1              0x00000289   Thumb Code     0  libshutdown2.o(.ARM.Collect$$libshutdown$$00000006)
    __rt_lib_shutdown_heap_1                 0x00000289   Thumb Code     0  libshutdown2.o(.ARM.Collect$$libshutdown$$0000000E)
    __rt_lib_shutdown_return                 0x00000289   Thumb Code     0  libshutdown2.o(.ARM.Collect$$libshutdown$$0000000F)
    __rt_lib_shutdown_signal_1               0x00000289   Thumb Code     0  libshutdown2.o(.ARM.Collect$$libshutdown$$00000009)
    __rt_lib_shutdown_stdio_1                0x00000289   Thumb Code     0  libshutdown2.o(.ARM.Collect$$libshutdown$$00000003)
    __rt_lib_shutdown_user_alloc_1           0x00000289   Thumb Code     0  libshutdown2.o(.ARM.Collect$$libshutdown$$0000000B)
    __rt_entry                               0x0000028b   Thumb Code     0  __rtentry.o(.ARM.Collect$$rtentry$$00000000)
    __rt_entry_presh_1                       0x0000028b   Thumb Code     0  __rtentry2.o(.ARM.Collect$$rtentry$$00000002)
    __rt_entry_sh                            0x0000028b   Thumb Code     0  __rtentry4.o(.ARM.Collect$$rtentry$$00000004)
    __rt_entry_li                            0x00000291   Thumb Code     0  __rtentry2.o(.ARM.Collect$$rtentry$$0000000A)
    __rt_entry_postsh_1                      0x00000291   Thumb Code     0  __rtentry2.o(.ARM.Collect$$rtentry$$00000009)
    __rt_entry_main                          0x00000295   Thumb Code     0  __rtentry2.o(.ARM.Collect$$rtentry$$0000000D)
    __rt_entry_postli_1                      0x00000295   Thumb Code     0  __rtentry2.o(.ARM.Collect$$rtentry$$0000000C)
    __rt_exit                                0x0000029d   Thumb Code     0  rtexit.o(.ARM.Collect$$rtexit$$00000000)
    __rt_exit_ls                             0x0000029f   Thumb Code     0  rtexit2.o(.ARM.Collect$$rtexit$$00000003)
    __rt_exit_prels_1                        0x0000029f   Thumb Code     0  rtexit2.o(.ARM.Collect$$rtexit$$00000002)
    __rt_exit_exit                           0x000002a3   Thumb Code     0  rtexit2.o(.ARM.Collect$$rtexit$$00000004)
    Reset_Handler                            0x000002a9   Thumb Code     8  startup_tm4c129.o(.text)
    NMI_Handler                              0x000002b1   Thumb Code     2  startup_tm4c129.o(.text)
    HardFault_Handler                        0x000002b3   Thumb Code     2  startup_tm4c129.o(.text)
    MemManage_Handler                        0x000002b5   Thumb Code     2  startup_tm4c129.o(.text)
    BusFault_Handler                         0x000002b7   Thumb Code     2  startup_tm4c129.o(.text)
    UsageFault_Handler                       0x000002b9   Thumb Code     2  startup_tm4c129.o(.text)
    SVC_Handler                              0x000002bb   Thumb Code     2  startup_tm4c129.o(.text)
    DebugMon_Handler                         0x000002bd   Thumb Code     2  startup_tm4c129.o(.text)
    PendSV_Handler                           0x000002bf   Thumb Code     2  startup_tm4c129.o(.text)
    GPIOA_Handler                            0x000002c3   Thumb Code     2  startup_tm4c129.o(.text)
    GPIOB_Handler                            0x000002c5   Thumb Code     2  startup_tm4c129.o(.text)
    GPIOC_Handler                            0x000002c7   Thumb Code     2  startup_tm4c129.o(.text)
    GPIOD_Handler                            0x000002c9   Thumb Code     2  startup_tm4c129.o(.text)
    GPIOE_Handler                            0x000002cb   Thumb Code     2  startup_tm4c129.o(.text)
    UART1_Handler                            0x000002cf   Thumb Code     2  startup_tm4c129.o(.text)
    SSI0_Handler                             0x000002d1   Thumb Code     2  startup_tm4c129.o(.text)
    I2C0_Handler                             0x000002d3   Thumb Code     2  startup_tm4c129.o(.text)
    PMW0_FAULT_Handler                       0x000002d5   Thumb Code     2  startup_tm4c129.o(.text)
    PWM0_0_Handler                           0x000002d7   Thumb Code     2  startup_tm4c129.o(.text)
    PWM0_1_Handler                           0x000002d9   Thumb Code     2  startup_tm4c129.o(.text)
    PWM0_2_Handler                           0x000002db   Thumb Code     2  startup_tm4c129.o(.text)
    QEI0_Handler                             0x000002dd   Thumb Code     2  startup_tm4c129.o(.text)
    ADC0SS0_Handler                          0x000002df   Thumb Code     2  startup_tm4c129.o(.text)
    ADC0SS1_Handler                          0x000002e1   Thumb Code     2  startup_tm4c129.o(.text)
    ADC0SS2_Handler                          0x000002e3   Thumb Code     2  startup_tm4c129.o(.text)
    ADC0SS3_Handler                          0x000002e5   Thumb Code     2  startup_tm4c129.o(.text)
    WDT0_Handler                             0x000002e7   Thumb Code     2  startup_tm4c129.o(.text)
    TIMER0A_Handler                          0x000002e9   Thumb Code     2  startup_tm4c129.o(.text)
    TIMER0B_Handler                          0x000002eb   Thumb Code     2  startup_tm4c129.o(.text)
    TIMER1A_Handler                          0x000002ed   Thumb Code     2  startup_tm4c129.o(.text)
    TIMER1B_Handler                          0x000002ef   Thumb Code     2  startup_tm4c129.o(.text)
    TIMER2A_Handler                          0x000002f1   Thumb Code     2  startup_tm4c129.o(.text)
    TIMER2B_Handler                          0x000002f3   Thumb Code     2  startup_tm4c129.o(.text)
    COMP0_Handler                            0x000002f5   Thumb Code     2  startup_tm4c129.o(.text)
    COMP1_Handler                            0x000002f7   Thumb Code     2  startup_tm4c129.o(.text)
    COMP2_Handler                            0x000002f9   Thumb Code     2  startup_tm4c129.o(.text)
    SYSCTL_Handler                           0x000002fb   Thumb Code     2  startup_tm4c129.o(.text)
    FLASH_Handler                            0x000002fd   Thumb Code     2  startup_tm4c129.o(.text)
    GPIOF_Handler                            0x000002ff   Thumb Code     2  startup_tm4c129.o(.text)
    GPIOG_Handler                            0x00000301   Thumb Code     2  startup_tm4c129.o(.text)
    GPIOH_Handler                            0x00000303   Thumb Code     2  startup_tm4c129.o(.text)
    UART2_Handler                            0x00000305   Thumb Code     2  startup_tm4c129.o(.text)
    SSI1_Handler                             0x00000307   Thumb Code     2  startup_tm4c129.o(.text)
    TIMER3A_Handler                          0x00000309   Thumb Code     2  startup_tm4c129.o(.text)
    TIMER3B_Handler                          0x0000030b   Thumb Code     2  startup_tm4c129.o(.text)
    I2C1_Handler                             0x0000030d   Thumb Code     2  startup_tm4c129.o(.text)
    CAN0_Handler                             0x0000030f   Thumb Code     2  startup_tm4c129.o(.text)
    CAN1_Handler                             0x00000311   Thumb Code     2  startup_tm4c129.o(.text)
    ETH_Handler                              0x00000313   Thumb Code     2  startup_tm4c129.o(.text)
    HIB_Handler                              0x00000315   Thumb Code     2  startup_tm4c129.o(.text)
    USB0_Handler                             0x00000317   Thumb Code     2  startup_tm4c129.o(.text)
    PWM0_3_Handler                           0x00000319   Thumb Code     2  startup_tm4c129.o(.text)
    UDMA_Handler                             0x0000031b   Thumb Code     2  startup_tm4c129.o(.text)
    UDMAERR_Handler                          0x0000031d   Thumb Code     2  startup_tm4c129.o(.text)
    ADC1SS0_Handler                          0x0000031f   Thumb Code     2  startup_tm4c129.o(.text)
    ADC1SS1_Handler                          0x00000321   Thumb Code     2  startup_tm4c129.o(.text)
    ADC1SS2_Handler                          0x00000323   Thumb Code     2  startup_tm4c129.o(.text)
    ADC1SS3_Handler                          0x00000325   Thumb Code     2  startup_tm4c129.o(.text)
    EBI0_Handler                             0x00000327   Thumb Code     2  startup_tm4c129.o(.text)
    GPIOJ_Handler                            0x00000329   Thumb Code     2  startup_tm4c129.o(.text)
    GPIOK_Handler                            0x0000032b   Thumb Code     2  startup_tm4c129.o(.text)
    GPIOL_Handler                            0x0000032d   Thumb Code     2  startup_tm4c129.o(.text)
    SSI2_Handler                             0x0000032f   Thumb Code     2  startup_tm4c129.o(.text)
    SSI3_Handler                             0x00000331   Thumb Code     2  startup_tm4c129.o(.text)
    UART3_Handler                            0x00000333   Thumb Code     2  startup_tm4c129.o(.text)
    UART4_Handler                            0x00000335   Thumb Code     2  startup_tm4c129.o(.text)
    UART5_Handler                            0x00000337   Thumb Code     2  startup_tm4c129.o(.text)
    UART6_Handler                            0x00000339   Thumb Code     2  startup_tm4c129.o(.text)
    UART7_Handler                            0x0000033b   Thumb Code     2  startup_tm4c129.o(.text)
    I2C2_Handler                             0x0000033d   Thumb Code     2  startup_tm4c129.o(.text)
    I2C3_Handler                             0x0000033f   Thumb Code     2  startup_tm4c129.o(.text)
    TIMER4A_Handler                          0x00000341   Thumb Code     2  startup_tm4c129.o(.text)
    TIMER4B_Handler                          0x00000343   Thumb Code     2  startup_tm4c129.o(.text)
    TIMER5A_Handler                          0x00000345   Thumb Code     2  startup_tm4c129.o(.text)
    TIMER5B_Handler                          0x00000347   Thumb Code     2  startup_tm4c129.o(.text)
    WTIMER0A_Handler                         0x00000349   Thumb Code     2  startup_tm4c129.o(.text)
    WTIMER0B_Handler                         0x0000034b   Thumb Code     2  startup_tm4c129.o(.text)
    WTIMER1A_Handler                         0x0000034d   Thumb Code     2  startup_tm4c129.o(.text)
    WTIMER1B_Handler                         0x0000034f   Thumb Code     2  startup_tm4c129.o(.text)
    WTIMER2A_Handler                         0x00000351   Thumb Code     2  startup_tm4c129.o(.text)
    WTIMER2B_Handler                         0x00000353   Thumb Code     2  startup_tm4c129.o(.text)
    WTIMER3A_Handler                         0x00000355   Thumb Code     2  startup_tm4c129.o(.text)
    WTIMER3B_Handler                         0x00000357   Thumb Code     2  startup_tm4c129.o(.text)
    WTIMER4A_Handler                         0x00000359   Thumb Code     2  startup_tm4c129.o(.text)
    WTIMER4B_Handler                         0x0000035b   Thumb Code     2  startup_tm4c129.o(.text)
    WTIMER5A_Handler                         0x0000035d   Thumb Code     2  startup_tm4c129.o(.text)
    WTIMER5B_Handler                         0x0000035f   Thumb Code     2  startup_tm4c129.o(.text)
    FPU_Handler                              0x00000361   Thumb Code     2  startup_tm4c129.o(.text)
    I2C4_Handler                             0x00000363   Thumb Code     2  startup_tm4c129.o(.text)
    I2C5_Handler                             0x00000365   Thumb Code     2  startup_tm4c129.o(.text)
    GPIOM_Handler                            0x00000367   Thumb Code     2  startup_tm4c129.o(.text)
    GPION_Handler                            0x00000369   Thumb Code     2  startup_tm4c129.o(.text)
    TAMPER_Handler                           0x0000036b   Thumb Code     2  startup_tm4c129.o(.text)
    GPIOP0_Handler                           0x0000036d   Thumb Code     2  startup_tm4c129.o(.text)
    GPIOP1_Handler                           0x0000036f   Thumb Code     2  startup_tm4c129.o(.text)
    GPIOP2_Handler                           0x00000371   Thumb Code     2  startup_tm4c129.o(.text)
    GPIOP3_Handler                           0x00000373   Thumb Code     2  startup_tm4c129.o(.text)
    GPIOP4_Handler                           0x00000375   Thumb Code     2  startup_tm4c129.o(.text)
    GPIOP5_Handler                           0x00000377   Thumb Code     2  startup_tm4c129.o(.text)
    GPIOP6_Handler                           0x00000379   Thumb Code     2  startup_tm4c129.o(.text)
    GPIOP7_Handler                           0x0000037b   Thumb Code     2  startup_tm4c129.o(.text)
    GPIOQ0_Handler                           0x0000037d   Thumb Code     2  startup_tm4c129.o(.text)
    GPIOQ1_Handler                           0x0000037f   Thumb Code     2  startup_tm4c129.o(.text)
    GPIOQ2_Handler                           0x00000381   Thumb Code     2  startup_tm4c129.o(.text)
    GPIOQ3_Handler                           0x00000383   Thumb Code     2  startup_tm4c129.o(.text)
    GPIOQ4_Handler                           0x00000385   Thumb Code     2  startup_tm4c129.o(.text)
    GPIOQ5_Handler                           0x00000387   Thumb Code     2  startup_tm4c129.o(.text)
    GPIOQ6_Handler                           0x00000389   Thumb Code     2  startup_tm4c129.o(.text)
    GPIOQ7_Handler                           0x0000038b   Thumb Code     2  startup_tm4c129.o(.text)
    GPIOR_Handler                            0x0000038d   Thumb Code     2  startup_tm4c129.o(.text)
    GPIOS_Handler                            0x0000038f   Thumb Code     2  startup_tm4c129.o(.text)
    SHAMD5_Handler                           0x00000391   Thumb Code     2  startup_tm4c129.o(.text)
    AES_Handler                              0x00000393   Thumb Code     2  startup_tm4c129.o(.text)
    DES3DES_Handler                          0x00000395   Thumb Code     2  startup_tm4c129.o(.text)
    LCDCONTROLLER_Handler                    0x00000397   Thumb Code     2  startup_tm4c129.o(.text)
    TIMER6A_Handler                          0x00000399   Thumb Code     2  startup_tm4c129.o(.text)
    TIMER6B_Handler                          0x0000039b   Thumb Code     2  startup_tm4c129.o(.text)
    TIMER7A_Handler                          0x0000039d   Thumb Code     2  startup_tm4c129.o(.text)
    TIMER7B_Handler                          0x0000039f   Thumb Code     2  startup_tm4c129.o(.text)
    I2C6_Handler                             0x000003a1   Thumb Code     2  startup_tm4c129.o(.text)
    I2C7_Handler                             0x000003a3   Thumb Code     2  startup_tm4c129.o(.text)
    HIMSCANKEYBOARD_Handler                  0x000003a5   Thumb Code     2  startup_tm4c129.o(.text)
    ONEWIRE_Handler                          0x000003a7   Thumb Code     2  startup_tm4c129.o(.text)
    HIMPS2_Handler                           0x000003a9   Thumb Code     2  startup_tm4c129.o(.text)
    HIMLEDSEQUENCER_Handler                  0x000003ab   Thumb Code     2  startup_tm4c129.o(.text)
    HIMCONSUMERIR_Handler                    0x000003ad   Thumb Code     2  startup_tm4c129.o(.text)
    I2C8_Handler                             0x000003af   Thumb Code     2  startup_tm4c129.o(.text)
    I2C9_Handler                             0x000003b1   Thumb Code     2  startup_tm4c129.o(.text)
    GPIOT_Handler                            0x000003b3   Thumb Code     2  startup_tm4c129.o(.text)
    __user_initial_stackheap                 0x000003b5   Thumb Code     0  startup_tm4c129.o(.text)
    __I$use$semihosting                      0x000003d5   Thumb Code     0  use_no_semi.o(.text)
    __use_no_semihosting_swi                 0x000003d5   Thumb Code     2  use_no_semi.o(.text)
    __2printf                                0x000003d9   Thumb Code    20  noretval__2printf.o(.text)
    __printf                                 0x000003f1   Thumb Code   104  __printf.o(.text)
    _printf_int_dec                          0x00000459   Thumb Code   104  _printf_dec.o(.text)
    __use_two_region_memory                  0x000004d1   Thumb Code     2  heapauxi.o(.text)
    __rt_heap_escrow$2region                 0x000004d3   Thumb Code     2  heapauxi.o(.text)
    __rt_heap_expand$2region                 0x000004d5   Thumb Code     2  heapauxi.o(.text)
    _printf_int_common                       0x000004d7   Thumb Code   178  _printf_intcommon.o(.text)
    _printf_char_file                        0x00000589   Thumb Code    32  _printf_char_file.o(.text)
    _printf_char_common                      0x000005b7   Thumb Code    32  _printf_char_common.o(.text)
    __user_setup_stackheap                   0x000005dd   Thumb Code    74  sys_stackheap_outer.o(.text)
    exit                                     0x00000627   Thumb Code    12  exit.o(.text)
    __user_libspace                          0x00000635   Thumb Code     8  libspace.o(.text)
    __user_perproc_libspace                  0x00000635   Thumb Code     0  libspace.o(.text)
    __user_perthread_libspace                0x00000635   Thumb Code     0  libspace.o(.text)
    SER_Initialize                           0x0000063d   Thumb Code   194  lab4.o(i.SER_Initialize)
    SER_PutChar                              0x00000715   Thumb Code    22  lab4.o(i.SER_PutChar)
    SysTick_Handler                          0x00000731   Thumb Code    12  lab4.o(i.SysTick_Handler)
    SystemCoreClockUpdate                    0x00000741   Thumb Code     8  system_tm4c129.o(i.SystemCoreClockUpdate)
    SystemInit                               0x00000751   Thumb Code    20  system_tm4c129.o(i.SystemInit)
    UART0_Handler                            0x00000771   Thumb Code    32  lab4.o(i.UART0_Handler)
    _sys_exit                                0x00000799   Thumb Code     4  retarget.o(i._sys_exit)
    ferror                                   0x0000079d   Thumb Code     8  retarget.o(i.ferror)
    fputc                                    0x000007a5   Thumb Code    14  retarget.o(i.fputc)
    main                                     0x000007b5   Thumb Code   242  lab4.o(i.main)
    _fp_init                                 0x000008d9   Thumb Code    10  fpinit.o(x$fpl$fpinit)
    __fplib_config_fpu_vfp                   0x000008e1   Thumb Code     0  fpinit.o(x$fpl$fpinit)
    __fplib_config_pureend_doubles           0x000008e1   Thumb Code     0  fpinit.o(x$fpl$fpinit)
    Region$$Table$$Base                      0x000008e4   Number         0  anon$$obj.o(Region$$Table)
    Region$$Table$$Limit                     0x00000904   Number         0  anon$$obj.o(Region$$Table)
    __stdout                                 0x20000000   Data           4  retarget.o(.data)
    __stdin                                  0x20000004   Data           4  retarget.o(.data)
    TimerUpCnt                               0x20000008   Data           4  lab4.o(.data)
    S1                                       0x2000000c   Data           1  lab4.o(.data)
    S2                                       0x2000000d   Data           1  lab4.o(.data)
    step                                     0x2000000e   Data           1  lab4.o(.data)
    Time                                     0x20000010   Data           4  lab4.o(.data)
    SerialData                               0x20000014   Data           1  lab4.o(.data)
    SystemCoreClock                          0x20000018   Data           4  system_tm4c129.o(.data)
    __libspace_start                         0x2000001c   Data          96  libspace.o(.bss)
    __temporary_stack_top$libspace           0x2000007c   Data           0  libspace.o(.bss)



==============================================================================

Memory Map of the image

  Image Entry point : 0x000002a9

  Load Region LR_1 (Base: 0x00000000, Size: 0x00000920, Max: 0xffffffff, ABSOLUTE)

    Execution Region ER_RO (Base: 0x00000000, Size: 0x00000904, Max: 0xffffffff, ABSOLUTE)

    Base Addr    Size         Type   Attr      Idx    E Section Name        Object

    0x00000000   0x00000200   Data   RO          145    RESET               startup_tm4c129.o
    0x00000200   0x00000008   Code   RO          226  * !!!main             c_w.l(__main.o)
    0x00000208   0x00000034   Code   RO          385    !!!scatter          c_w.l(__scatter.o)
    0x0000023c   0x0000001a   Code   RO          387    !!handler_copy      c_w.l(__scatter_copy.o)
    0x00000256   0x00000002   PAD
    0x00000258   0x0000001c   Code   RO          389    !!handler_zi        c_w.l(__scatter_zi.o)
    0x00000274   0x00000000   Code   RO          223    .ARM.Collect$$_printf_percent$$00000000  c_w.l(_printf_percent.o)
    0x00000274   0x00000006   Code   RO          222    .ARM.Collect$$_printf_percent$$00000009  c_w.l(_printf_d.o)
    0x0000027a   0x00000004   Code   RO          233    .ARM.Collect$$_printf_percent$$00000017  c_w.l(_printf_percent_end.o)
    0x0000027e   0x00000002   Code   RO          262    .ARM.Collect$$libinit$$00000000  c_w.l(libinit.o)
    0x00000280   0x00000004   Code   RO          268    .ARM.Collect$$libinit$$00000001  c_w.l(libinit2.o)
    0x00000284   0x00000000   Code   RO          271    .ARM.Collect$$libinit$$00000004  c_w.l(libinit2.o)
    0x00000284   0x00000000   Code   RO          274    .ARM.Collect$$libinit$$0000000A  c_w.l(libinit2.o)
    0x00000284   0x00000000   Code   RO          276    .ARM.Collect$$libinit$$0000000C  c_w.l(libinit2.o)
    0x00000284   0x00000000   Code   RO          278    .ARM.Collect$$libinit$$0000000E  c_w.l(libinit2.o)
    0x00000284   0x00000000   Code   RO          281    .ARM.Collect$$libinit$$00000011  c_w.l(libinit2.o)
    0x00000284   0x00000000   Code   RO          283    .ARM.Collect$$libinit$$00000013  c_w.l(libinit2.o)
    0x00000284   0x00000000   Code   RO          285    .ARM.Collect$$libinit$$00000015  c_w.l(libinit2.o)
    0x00000284   0x00000000   Code   RO          287    .ARM.Collect$$libinit$$00000017  c_w.l(libinit2.o)
    0x00000284   0x00000000   Code   RO          289    .ARM.Collect$$libinit$$00000019  c_w.l(libinit2.o)
    0x00000284   0x00000000   Code   RO          291    .ARM.Collect$$libinit$$0000001B  c_w.l(libinit2.o)
    0x00000284   0x00000000   Code   RO          293    .ARM.Collect$$libinit$$0000001D  c_w.l(libinit2.o)
    0x00000284   0x00000000   Code   RO          295    .ARM.Collect$$libinit$$0000001F  c_w.l(libinit2.o)
    0x00000284   0x00000000   Code   RO          297    .ARM.Collect$$libinit$$00000021  c_w.l(libinit2.o)
    0x00000284   0x00000000   Code   RO          299    .ARM.Collect$$libinit$$00000023  c_w.l(libinit2.o)
    0x00000284   0x00000000   Code   RO          301    .ARM.Collect$$libinit$$00000025  c_w.l(libinit2.o)
    0x00000284   0x00000000   Code   RO          305    .ARM.Collect$$libinit$$0000002C  c_w.l(libinit2.o)
    0x00000284   0x00000000   Code   RO          307    .ARM.Collect$$libinit$$0000002E  c_w.l(libinit2.o)
    0x00000284   0x00000000   Code   RO          309    .ARM.Collect$$libinit$$00000030  c_w.l(libinit2.o)
    0x00000284   0x00000000   Code   RO          311    .ARM.Collect$$libinit$$00000032  c_w.l(libinit2.o)
    0x00000284   0x00000002   Code   RO          312    .ARM.Collect$$libinit$$00000033  c_w.l(libinit2.o)
    0x00000286   0x00000002   Code   RO          330    .ARM.Collect$$libshutdown$$00000000  c_w.l(libshutdown.o)
    0x00000288   0x00000000   Code   RO          341    .ARM.Collect$$libshutdown$$00000003  c_w.l(libshutdown2.o)
    0x00000288   0x00000000   Code   RO          344    .ARM.Collect$$libshutdown$$00000006  c_w.l(libshutdown2.o)
    0x00000288   0x00000000   Code   RO          347    .ARM.Collect$$libshutdown$$00000009  c_w.l(libshutdown2.o)
    0x00000288   0x00000000   Code   RO          349    .ARM.Collect$$libshutdown$$0000000B  c_w.l(libshutdown2.o)
    0x00000288   0x00000000   Code   RO          352    .ARM.Collect$$libshutdown$$0000000E  c_w.l(libshutdown2.o)
    0x00000288   0x00000002   Code   RO          353    .ARM.Collect$$libshutdown$$0000000F  c_w.l(libshutdown2.o)
    0x0000028a   0x00000000   Code   RO          228    .ARM.Collect$$rtentry$$00000000  c_w.l(__rtentry.o)
    0x0000028a   0x00000000   Code   RO          235    .ARM.Collect$$rtentry$$00000002  c_w.l(__rtentry2.o)
    0x0000028a   0x00000006   Code   RO          247    .ARM.Collect$$rtentry$$00000004  c_w.l(__rtentry4.o)
    0x00000290   0x00000000   Code   RO          237    .ARM.Collect$$rtentry$$00000009  c_w.l(__rtentry2.o)
    0x00000290   0x00000004   Code   RO          238    .ARM.Collect$$rtentry$$0000000A  c_w.l(__rtentry2.o)
    0x00000294   0x00000000   Code   RO          240    .ARM.Collect$$rtentry$$0000000C  c_w.l(__rtentry2.o)
    0x00000294   0x00000008   Code   RO          241    .ARM.Collect$$rtentry$$0000000D  c_w.l(__rtentry2.o)
    0x0000029c   0x00000002   Code   RO          266    .ARM.Collect$$rtexit$$00000000  c_w.l(rtexit.o)
    0x0000029e   0x00000000   Code   RO          314    .ARM.Collect$$rtexit$$00000002  c_w.l(rtexit2.o)
    0x0000029e   0x00000004   Code   RO          315    .ARM.Collect$$rtexit$$00000003  c_w.l(rtexit2.o)
    0x000002a2   0x00000006   Code   RO          316    .ARM.Collect$$rtexit$$00000004  c_w.l(rtexit2.o)
    0x000002a8   0x0000012c   Code   RO          146  * .text               startup_tm4c129.o
    0x000003d4   0x00000002   Code   RO          192    .text               c_w.l(use_no_semi.o)
    0x000003d6   0x00000002   PAD
    0x000003d8   0x00000018   Code   RO          196    .text               c_w.l(noretval__2printf.o)
    0x000003f0   0x00000068   Code   RO          198    .text               c_w.l(__printf.o)
    0x00000458   0x00000078   Code   RO          200    .text               c_w.l(_printf_dec.o)
    0x000004d0   0x00000006   Code   RO          224    .text               c_w.l(heapauxi.o)
    0x000004d6   0x000000b2   Code   RO          229    .text               c_w.l(_printf_intcommon.o)
    0x00000588   0x00000024   Code   RO          231    .text               c_w.l(_printf_char_file.o)
    0x000005ac   0x00000030   Code   RO          249    .text               c_w.l(_printf_char_common.o)
    0x000005dc   0x0000004a   Code   RO          251    .text               c_w.l(sys_stackheap_outer.o)
    0x00000626   0x0000000c   Code   RO          255    .text               c_w.l(exit.o)
    0x00000632   0x00000002   PAD
    0x00000634   0x00000008   Code   RO          263    .text               c_w.l(libspace.o)
    0x0000063c   0x000000d8   Code   RO           62    i.SER_Initialize    lab4.o
    0x00000714   0x0000001c   Code   RO           63    i.SER_PutChar       lab4.o
    0x00000730   0x00000010   Code   RO           64    i.SysTick_Handler   lab4.o
    0x00000740   0x00000010   Code   RO          153    i.SystemCoreClockUpdate  system_tm4c129.o
    0x00000750   0x00000020   Code   RO          154    i.SystemInit        system_tm4c129.o
    0x00000770   0x00000028   Code   RO           65    i.UART0_Handler     lab4.o
    0x00000798   0x00000004   Code   RO            1    i._sys_exit         retarget.o
    0x0000079c   0x00000008   Code   RO            3    i.ferror            retarget.o
    0x000007a4   0x0000000e   Code   RO            5    i.fputc             retarget.o
    0x000007b2   0x00000002   PAD
    0x000007b4   0x00000124   Code   RO           66    i.main              lab4.o
    0x000008d8   0x0000000a   Code   RO          322    x$fpl$fpinit        fz_wm.l(fpinit.o)
    0x000008e2   0x00000002   PAD
    0x000008e4   0x00000020   Data   RO          383    Region$$Table       anon$$obj.o


    Execution Region ER_RW (Base: 0x20000000, Size: 0x0000001c, Max: 0xffffffff, ABSOLUTE)

    Base Addr    Size         Type   Attr      Idx    E Section Name        Object

    0x20000000   0x00000008   Data   RW            6    .data               retarget.o
    0x20000008   0x0000000d   Data   RW           67    .data               lab4.o
    0x20000015   0x00000003   PAD
    0x20000018   0x00000004   Data   RW          155    .data               system_tm4c129.o


    Execution Region ER_ZI (Base: 0x2000001c, Size: 0x00000264, Max: 0xffffffff, ABSOLUTE)

    Base Addr    Size         Type   Attr      Idx    E Section Name        Object

    0x2000001c   0x00000060   Zero   RW          264    .bss                c_w.l(libspace.o)
    0x2000007c   0x00000004   PAD
    0x20000080   0x00000000   Zero   RW          144    HEAP                startup_tm4c129.o
    0x20000080   0x00000200   Zero   RW          143    STACK               startup_tm4c129.o


==============================================================================

Image component sizes


      Code (inc. data)   RO Data    RW Data    ZI Data      Debug   Object Name

       592         90          0         13          0      56731   lab4.o
        26          0          0          8          0       7903   retarget.o
       300         22        512          0        512       6060   startup_tm4c129.o
        48         20          0          4          0       1379   system_tm4c129.o

    ----------------------------------------------------------------------
       968        132        544         28        512      72073   Object Totals
         0          0         32          0          0          0   (incl. Generated)
         2          0          0          3          0          0   (incl. Padding)

    ----------------------------------------------------------------------

      Code (inc. data)   RO Data    RW Data    ZI Data      Debug   Library Member Name

         8          0          0          0          0         68   __main.o
       104          0          0          0          0         84   __printf.o
         0          0          0          0          0          0   __rtentry.o
        12          0          0          0          0          0   __rtentry2.o
         6          0          0          0          0          0   __rtentry4.o
        52          8          0          0          0          0   __scatter.o
        26          0          0          0          0          0   __scatter_copy.o
        28          0          0          0          0          0   __scatter_zi.o
        48          6          0          0          0         96   _printf_char_common.o
        36          4          0          0          0         80   _printf_char_file.o
         6          0          0          0          0          0   _printf_d.o
       120         16          0          0          0         92   _printf_dec.o
       178          0          0          0          0         88   _printf_intcommon.o
         0          0          0          0          0          0   _printf_percent.o
         4          0          0          0          0          0   _printf_percent_end.o
        12          0          0          0          0         72   exit.o
         6          0          0          0          0        152   heapauxi.o
         2          0          0          0          0          0   libinit.o
         6          0          0          0          0          0   libinit2.o
         2          0          0          0          0          0   libshutdown.o
         2          0          0          0          0          0   libshutdown2.o
         8          4          0          0         96         68   libspace.o
        24          4          0          0          0         84   noretval__2printf.o
         2          0          0          0          0          0   rtexit.o
        10          0          0          0          0          0   rtexit2.o
        74          0          0          0          0         80   sys_stackheap_outer.o
         2          0          0          0          0         68   use_no_semi.o
        10          0          0          0          0        116   fpinit.o

    ----------------------------------------------------------------------
       796         42          0          0        100       1148   Library Totals
         8          0          0          0          4          0   (incl. Padding)

    ----------------------------------------------------------------------

      Code (inc. data)   RO Data    RW Data    ZI Data      Debug   Library Name

       778         42          0          0         96       1032   c_w.l
        10          0          0          0          0        116   fz_wm.l

    ----------------------------------------------------------------------
       796         42          0          0        100       1148   Library Totals

    ----------------------------------------------------------------------

==============================================================================


      Code (inc. data)   RO Data    RW Data    ZI Data      Debug   

      1764        174        544         28        612      72205   Grand Totals
      1764        174        544         28        612      72205   ELF Image Totals
      1764        174        544         28          0          0   ROM Totals

==============================================================================

    Total RO  Size (Code + RO Data)                 2308 (   2.25kB)
    Total RW  Size (RW Data + ZI Data)               640 (   0.63kB)
    Total ROM Size (Code + RO Data + RW Data)       2336 (   2.28kB)

==============================================================================

